fdtdec.c:663:20:get_prop_check_min_len	24	static
fdtdec.c:74:13:fdtdec_get_compatible	0	static
fdtdec.c:296:10:fdtdec_get_uint64	24	static
fdtdec.c:309:5:fdtdec_get_is_enabled	8	static
fdtdec.c:1125:12:get_next_memory_node	32	static
fdtdec.c:326:20:fdtdec_lookup	24	static
fdtdec.c:338:5:fdtdec_next_compatible	0	static
fdtdec.c:343:5:fdtdec_next_compatible_subnode	24	static
fdtdec.c:358:5:fdtdec_next_alias	72	static
fdtdec.c:390:5:fdtdec_add_aliases_for_id	56	dynamic
fdtdec.c:380:5:fdtdec_find_aliases_for_id	24	static
fdtdec.c:505:5:fdtdec_get_alias_seq	56	static
fdtdec.c:547:5:fdtdec_get_alias_highest_id	32	static
fdtdec.c:580:13:fdtdec_get_chosen_prop	16	static
fdtdec.c:590:5:fdtdec_get_chosen_node	8	static
fdtdec.c:617:5:fdtdec_prepare_fdt	8	static
fdtdec.c:600:5:fdtdec_check_fdt	8	static
fdtdec.c:638:5:fdtdec_lookup_phandle	8	static
fdtdec.c:681:5:fdtdec_get_int_array	32	static
fdtdec.c:1001:12:decode_timing_property	40	static
fdtdec.c:699:5:fdtdec_get_int_array_count	24	static
fdtdec.c:719:12:fdtdec_locate_array	24	static
fdtdec.c:730:5:fdtdec_get_bool	16	static
fdtdec.c:740:5:fdtdec_parse_phandle_with_args	48	static
fdtdec.c:864:5:fdtdec_get_child_count	16	static
fdtdec.c:875:5:fdtdec_get_byte_array	32	static
fdtdec.c:887:11:fdtdec_locate_byte_array	24	static
fdtdec.c:899:5:fdtdec_get_config_int	16	static
fdtdec.c:911:5:fdtdec_get_config_bool	16	static
fdtdec.c:925:7:fdtdec_get_config_string	24	static
fdtdec.c:943:5:fdtdec_get_number	0	static
fdtdec.c:81:12:fdtdec_get_addr_size_fixed	40	static
fdtdec.c:127:12:fdtdec_get_addr_size_auto_parent	40	static
fdtdec.c:154:12:fdtdec_get_addr_size_auto_noparent	40	static
fdtdec.c:173:12:fdtdec_get_addr_size	24	static
fdtdec.c:183:12:fdtdec_get_addr	0	static
fdtdec.c:953:5:fdt_get_resource	40	static
fdtdec.c:988:5:fdt_get_named_resource	24	static
fdtdec.c:1025:5:fdtdec_decode_display_timing	32	static
fdtdec.c:1093:5:fdtdec_setup_mem_size_base_fdt	24	static
fdtdec.c:1118:5:fdtdec_setup_mem_size_base	0	static
fdtdec.c:1135:5:fdtdec_setup_memory_banksize_fdt	32	static
fdtdec.c:1175:5:fdtdec_setup_memory_banksize	0	static
fdtdec.c:1266:5:fdtdec_set_ethernet_mac_address	24	static
fdtdec.c:1327:5:fdtdec_add_reserved_memory	136	static
fdtdec.c:1430:5:fdtdec_get_carveout	40	static
fdtdec.c:1479:5:fdtdec_set_carveout	32	static
fdtdec.c:1517:5:fdtdec_setup	8	static
fdtdec.c:1613:5:fdtdec_decode_ram_size	56	static
