log.h:417:19:log_init	0	static
board_r.c:89:12:initr_trace	0	static
board_r.c:98:12:initr_reloc	0	static
board_r.c:631:12:run_main_loop	8	static
board_r.c:570:12:initr_net	8	static
board_r.c:504:12:initr_ethaddr	8	static
board_r.c:496:12:initr_enable_interrupts	8	static
board_r.c:479:12:initr_jumptable	8	static
board_r.c:449:12:initr_env	8	static
board_r.c:419:12:initr_mmc	8	static
board_r.c:175:12:initr_serial	8	static
board_r.c:293:12:initr_dm	0	static
board_r.c:318:12:initr_bootstage	8	static
board_r.c:241:12:initr_malloc	8	static
board_r.c:124:12:initr_reloc_global_data	8	static
board_r.c:111:12:initr_caches	8	static
bootstage.h:368:19:bootstage_relocate	0	static
board_r.c:232:12:initr_barrier	0	static
board_r.c:260:12:initr_console_record	0	static
board_r.c:325:12:power_init_board	0	static
board_r.c:330:12:initr_announce	0	static
board_r.c:61:12:board_flash_wp_on	0	static
board_r.c:71:13:cpu_secondary_init_r	0	static
board_r.c:75:12:initr_secondary_cpu	8	static
board_r.c:119:12:fixup_cpu	0	static
board_r.c:840:6:board_init_r	8	static
