log.h:417:19:log_init	0	static
board_f.c:129:12:display_text_info	0	static
board_f.c:266:12:setup_mon_len	0	static
board_f.c:294:12:arch_cpu_init	0	static
board_f.c:377:12:reserve_round_4k	0	static
board_f.c:384:12:reserve_mmu	0	static
board_f.c:447:12:reserve_uboot	0	static
board_f.c:493:12:reserve_malloc	0	static
board_f.c:526:12:reserve_global_data	0	static
board_f.c:235:12:dram_init_banksize	16	static
board_f.c:722:12:setup_reloc	8	static
board_f.c:506:12:reserve_board	8	static
board_f.c:411:12:reserve_video	16	static
board_f.c:201:12:announce_dram_init	8	static
board_f.c:123:12:init_baud_rate	8	static
board_f.c:827:12:initf_dm	0	static
board_f.c:793:12:initf_bootstage	8	static
board_f.c:853:12:arch_cpu_init_dm	0	static
board_f.c:283:12:setup_spl_handoff	0	static
board_f.c:299:12:mach_cpu_init	0	static
board_f.c:435:12:reserve_trace	0	static
board_f.c:518:12:setup_machine	0	static
board_f.c:535:12:reserve_fdt	0	static
board_f.c:556:12:reserve_bootstage	0	static
board_f.c:588:12:reserve_bloblist	0	static
board_f.c:598:12:display_new_sp	0	static
board_f.c:672:12:reloc_fdt	0	static
board_f.c:686:12:reloc_bootstage	0	static
board_f.c:704:12:reloc_bloblist	0	static
board_f.c:818:12:initf_console_record	0	static
board_f.c:848:12:reserve_arch	0	static
board_f.c:73:13:coloured_LED_init	0	static
board_f.c:74:13:red_led_on	0	static
board_f.c:75:13:red_led_off	0	static
board_f.c:76:13:green_led_on	0	static
board_f.c:77:13:green_led_off	0	static
board_f.c:78:13:yellow_led_on	0	static
board_f.c:79:13:yellow_led_off	0	static
board_f.c:80:13:blue_led_on	0	static
board_f.c:81:13:blue_led_off	0	static
board_f.c:118:13:board_add_ram_info	0	static
board_f.c:207:12:show_dram_config	8	static
board_f.c:305:14:board_get_usable_ram_top	0	static
board_f.c:322:12:setup_dest_addr	16	static
board_f.c:570:12:arch_reserve_stacks	0	static
board_f.c:575:12:reserve_stacks	0	static
board_f.c:1007:6:board_init_f	16	static
