console.c:196:12:console_tstc	32	static
console.c:219:13:console_putc	24	static
console.c:243:13:console_puts	24	static
console.c:25:12:on_console	24	static
console.c:294:5:serial_printf	1064	static
console.c:545:6:puts	0	static
console.c:497:6:putc	0	static
console.c:186:12:console_getc.isra.0	8	static
console.c:414:5:tstc	0	static
console.c:386:5:getc	8	static
console.c:312:5:fgetc	16	static
console.c:345:5:ftstc	0	static
console.c:353:6:fputc	0	static
console.c:359:6:fputs	0	static
console.c:365:5:fprintf	1068	static
console.c:625:5:ctrlc	8	static
console.c:644:5:confirm_yesno	24	static
console.c:671:5:disable_ctrlc	0	static
console.c:679:5:had_ctrlc	0	static
console.c:684:6:clear_ctrlc	0	static
console.c:691:19:search_device	8	static
console.c:707:5:console_assign	16	static
console.c:753:5:console_announce_r	224	static
console.c:767:5:console_init_f	0	static
console.c:778:6:stdio_print_current_devices	8	static
console.c:805:5:console_init_r	32	static
