fdt_support.c:1034:12:of_bus_default_map	28	static
fdt_support.c:1565:12:fdt_read_prop	8	static
fdt_support.c:1050:12:of_bus_default_translate	32	static
fdt_support.c:1017:6:fdt_support_default_count_cells	24	static
fdt_support.c:1220:12:__of_translate_address	104	static
fdt_support.c:33:5:fdt_getprop_u32_default_node	24	static
fdt_support.c:63:5:fdt_getprop_u32_default	24	static
fdt_support.c:87:5:fdt_find_and_setprop	32	static
fdt_support.c:111:5:fdt_find_or_add_subnode	24	static
fdt_support.c:189:5:fdt_root	24	static
fdt_support.c:215:5:fdt_initrd	72	static
fdt_support.c:275:5:fdt_chosen	24	static
fdt_support.c:306:6:do_fixup_by_path	24	static
fdt_support.c:322:6:do_fixup_by_path_u32	24	static
fdt_support.c:329:6:do_fixup_by_prop	40	static
fdt_support.c:350:6:do_fixup_by_prop_u32	32	static
fdt_support.c:358:6:do_fixup_by_compat	40	static
fdt_support.c:377:6:do_fixup_by_compat_u32	24	static
fdt_support.c:418:5:fdt_fixup_memory_banks	112	static
fdt_support.c:472:5:fdt_fixup_memory	16	static
fdt_support.c:477:6:fdt_fixup_ethernet	72	static
fdt_support.c:555:5:fdt_record_loadable	48	static
fdt_support.c:595:5:fdt_shrink_to_minimum	56	static
fdt_support.c:715:5:fdt_increase_size	0	static
fdt_support.c:943:6:fdt_del_node_and_alias	16	static
fdt_support.c:1293:5:fdt_translate_address	0	static
fdt_support.c:1299:5:fdt_translate_dma_address	0	static
fdt_support.c:1314:5:fdt_node_offset_by_compat_reg	40	static
fdt_support.c:1335:5:fdt_alloc_phandle	16	static
fdt_support.c:1355:5:fdt_set_phandle	40	static
fdt_support.c:1394:14:fdt_create_phandle	16	static
fdt_support.c:1424:5:fdt_set_node_status	40	static
fdt_support.c:1465:5:fdt_set_status_by_alias	16	static
fdt_support.c:1511:5:fdt_verify_alias_address	48	static
fdt_support.c:1552:5:fdt_get_base_address	24	static
fdt_support.c:1601:5:fdt_read_range	56	static
fdt_support.c:1669:5:fdt_setup_simplefb_node	104	static
fdt_support.c:1722:5:fdt_fixup_display	40	static
fdt_support.c:1757:5:fdt_overlay_apply_verbose	16	static
