image.c:559:12:on_loadaddr	8	static
image.c:209:5:image_check_hcrc	72	static
image.c:224:5:image_check_dcrc	8	static
image.c:246:7:image_multi_count	0	static
image.c:279:6:image_multi_getimg	16	static
image.c:575:7:env_get_bootm_low	8	static
image.c:592:13:env_get_bootm_size	16	static
image.c:619:13:env_get_bootm_mapsize	8	static
image.c:635:6:memmove_wd	0	static
image.c:670:6:genimg_print_size	8	static
image.c:698:22:get_table_entry	0	static
image.c:819:20:genimg_get_short_name	8	static
image.c:729:13:genimg_get_cat_name	16	static
image.c:753:13:genimg_get_cat_short_name	16	static
image.c:767:5:genimg_get_cat_count	0	static
image.c:772:13:genimg_get_cat_desc	0	static
image.c:791:7:get_table_entry_name	8	static
image.c:803:13:genimg_get_os_name	0	static
image.c:808:13:genimg_get_arch_name	0	static
image.c:814:13:genimg_get_type_name	0	static
image.c:404:5:image_decomp	32	static
image.c:831:13:genimg_get_type_short_name	0	static
image.c:836:13:genimg_get_comp_name	0	static
image.c:339:6:image_print_contents	40	static
image.c:842:13:genimg_get_comp_short_name	0	static
image.c:847:13:genimg_get_os_short_name	0	static
image.c:852:13:genimg_get_arch_short_name	0	static
image.c:871:5:get_table_entry_id	16	static
image.c:889:5:genimg_get_os_id	0	static
image.c:894:5:genimg_get_arch_id	0	static
image.c:899:5:genimg_get_type_id	0	static
image.c:904:5:genimg_get_comp_id	0	static
image.c:925:7:genimg_get_kernel_addr_fit	0	static
image.c:959:7:genimg_get_kernel_addr	16	static
image.c:982:5:genimg_get_format	8	static
image.c:1014:5:genimg_has_config	0	static
image.c:1045:5:boot_get_ramdisk	40	static
image.c:1254:5:boot_ramdisk_high	32	static
image.c:1329:5:boot_get_setup	0	static
image.c:1601:5:image_setup_linux	24	static
