fs.c:30:19:fs_probe_unsupported	8	static
fs.c:37:19:fs_ls_unsupported	0	static
fs.c:71:19:fs_exists_unsupported	0	static
fs.c:76:19:fs_size_unsupported	0	static
fs.c:81:19:fs_read_unsupported	0	static
fs.c:100:20:fs_close_unsupported	0	static
fs.c:109:19:fs_opendir_unsupported	0	static
fs.c:296:28:fs_get_info	0	static
fs.c:392:13:fs_close	8	static
fs.c:88:19:fs_write_unsupported	0	static
fs.c:120:19:fs_mkdir_unsupported	0	static
fs.c:95:19:fs_ln_unsupported	0	static
fs.c:104:19:fs_uuid_unsupported	0	static
fs.c:115:19:fs_unlink_unsupported	0	static
fs.c:318:13:fs_get_type_name	8	static
fs.c:323:5:fs_set_blk_dev	40	static
fs.c:368:5:fs_set_blk_dev_with_part	24	static
fs.c:401:5:fs_uuid	8	static
fs.c:408:5:fs_ls	16	static
fs.c:422:5:fs_exists	8	static
fs.c:435:5:fs_size	8	static
fs.c:514:5:fs_read	40	static
fs.c:520:5:fs_write	48	static
fs.c:540:23:fs_opendir	24	static
fs.c:559:19:fs_readdir	16	static
fs.c:578:6:fs_closedir	8	static
fs.c:44:12:fs_ls_generic	40	static
fs.c:592:5:fs_unlink	16	static
fs.c:606:5:fs_mkdir	16	static
fs.c:620:5:fs_ln	16	static
fs.c:636:5:do_size	24	static
fs.c:655:5:do_load	248	static
fs.c:729:5:do_ls	16	static
fs.c:746:5:file_exists	8	static
fs.c:755:5:do_save	64	static
fs.c:797:5:do_fs_uuid	56	static
fs.c:822:5:do_fs_type	16	static
fs.c:844:5:do_rm	8	static
fs.c:859:5:do_mkdir	8	static
fs.c:879:5:do_ln	8	static
