net.c:361:13:net_clear_handlers	0	static
net.c:688:13:start_again_timeout_handler	0	static
net.c:752:13:dummy_handler	0	static
net.c:219:12:on_ipaddr	8	static
net.c:231:12:on_gatewayip	8	static
net.c:243:12:on_netmask	8	static
net.c:255:12:on_serverip	8	static
net.c:353:13:net_init_loop.part.0	8	static
net.c:373:6:net_init	8	static
net.c:693:5:net_start_again	16	static
net.c:758:11:net_get_udp_handler	0	static
net.c:763:6:net_set_udp_handler	0	static
net.c:772:11:net_get_arp_handler	0	static
net.c:777:6:net_set_arp_handler	0	static
net.c:793:6:net_set_timeout_handler	8	static
net.c:808:8:net_get_async_tx_pkt_buf	8	static
net.c:1081:6:net_process_received_packet	32	static
net.c:1430:1:net_eth_hdr_size	0	static
net.c:1442:5:net_set_ether	24	static
net.c:1467:5:net_update_ether	16	static
net.c:1490:6:net_set_ip_header	16	static
net.c:1515:6:net_set_udp_header	32	static
net.c:823:5:net_send_ip_packet	40	static
net.c:816:5:net_send_udp_packet	32	static
net.c:1537:6:copy_filename	0	static
net.c:1549:5:is_serverip_in_cmd	8	static
net.c:1342:12:net_check_prereq	8	static
net.c:309:6:net_auto_load	8	static
net.c:404:5:net_loop	48	static
net.c:1554:5:net_parse_bootfile	24	static
net.c:1582:14:random_port	8	static
net.c:1588:6:ip_to_string	16	static
net.c:1599:6:vlan_to_string	0	static
net.c:1612:8:string_to_vlan	8	static
net.c:267:12:on_nvlan	8	static
net.c:279:12:on_vlan	8	static
net.c:1627:8:env_get_vlan	8	static
net.c:1632:6:eth_parse_enetaddr	24	static
