nfs.c:431:12:rpc_lookup_reply	1160	static
nfs.c:461:12:nfs_mount_reply	1160	static
nfs.c:487:12:nfs_umountall_reply	1160	static
nfs.c:511:12:nfs_lookup_reply	1168	static
nfs.c:612:12:nfs_readlink_reply	1176	static
nfs.c:115:14:basename	8	static
nfs.c:662:12:nfs_read_reply	1168	static
nfs.c:173:13:rpc_req	1176	static
nfs.c:359:13:nfs_read_req	4128	static
nfs.c:290:13:nfs_readlink_req	4112	static
nfs.c:239:13:nfs_mount_req	4120	static
nfs.c:265:13:nfs_umountall_req	4104	static
nfs.c:316:13:nfs_lookup_req	4136	static
nfs.c:392:13:nfs_send	72	static
nfs.c:737:13:nfs_handler	16	static
nfs.c:723:13:nfs_timeout_handler	8	static
nfs.c:861:6:nfs_start	32	static
