mmc-uclass.c:378:12:mmc_blk_probe	8	static
mmc-uclass.c:36:5:dm_mmc_set_ios	0	static
mmc-uclass.c:45:5:mmc_set_ios	0	static
mmc-uclass.c:50:5:dm_mmc_wait_dat0	0	static
mmc-uclass.c:59:5:mmc_wait_dat0	0	static
mmc-uclass.c:64:5:dm_mmc_get_wp	0	static
mmc-uclass.c:73:5:mmc_getwp	0	static
mmc-uclass.c:78:5:dm_mmc_get_cd	0	static
mmc-uclass.c:87:5:mmc_getcd	0	static
mmc-uclass.c:125:5:mmc_of_parse	16	static
mmc-uclass.c:195:13:mmc_get_mmc_dev	8	static
mmc-uclass.c:14:5:dm_mmc_send_cmd	16	static
mmc-uclass.c:31:5:mmc_send_cmd	0	static
mmc-uclass.c:358:12:mmc_select_hwpart	16	static
mmc-uclass.c:206:13:find_mmc_device	16	static
mmc-uclass.c:227:5:get_mmc_num	8	static
mmc-uclass.c:232:5:mmc_get_next_devnum	0	static
mmc-uclass.c:237:18:mmc_get_blk_desc	16	static
mmc-uclass.c:250:6:mmc_do_preinit	16	static
mmc-uclass.c:273:6:print_mmc_devices	40	static
mmc-uclass.c:306:5:mmc_bind	48	static
mmc-uclass.c:345:5:mmc_unbind	16	static
