Archive member included to satisfy reference by file (symbol)

arch/arm/lib/lib.a(lib1funcs.o)
                              cmd/built-in.o (__aeabi_uidiv)
arch/arm/lib/lib.a(div0.o)    arch/arm/lib/lib.a(lib1funcs.o) (__div0)

Discarded input sections

 .data          0x0000000000000000        0x0 arch/arm/cpu/armv7/start.o
 .bss           0x0000000000000000        0x0 arch/arm/cpu/armv7/start.o
 .text.v7_arch_cp15_set_l2aux_ctrl
                0x0000000000000000        0x8 arch/arm/cpu/armv7/built-in.o
 .text.v7_arch_cp15_set_acr
                0x0000000000000000        0x8 arch/arm/cpu/armv7/built-in.o
 .text.sdelay   0x0000000000000000        0xc arch/arm/cpu/armv7/built-in.o
 .text.wait_on_value
                0x0000000000000000       0x38 arch/arm/cpu/armv7/built-in.o
 .data          0x0000000000000000        0x0 arch/arm/cpu/armv7/built-in.o
 .bss           0x0000000000000000        0x0 arch/arm/cpu/armv7/built-in.o
 .text.armv7_boot_nonsec_default
                0x0000000000000000        0x8 arch/arm/lib/built-in.o
 .text.enable_caches
                0x0000000000000000        0xc arch/arm/lib/built-in.o
 .text.invalidate_dcache_range
                0x0000000000000000        0x4 arch/arm/lib/built-in.o
 .text.flush_dcache_range
                0x0000000000000000        0x4 arch/arm/lib/built-in.o
 .text.flush_dcache_all
                0x0000000000000000        0xc arch/arm/lib/built-in.o
 .text.arm_init_before_mmu
                0x0000000000000000        0x4 arch/arm/lib/built-in.o
 .text.mmu_page_table_flush
                0x0000000000000000        0x4 arch/arm/lib/built-in.o
 .text.icache_status
                0x0000000000000000       0x24 arch/arm/lib/built-in.o
 .text.fdt_psci
                0x0000000000000000        0x8 arch/arm/lib/built-in.o
 .rodata.enable_caches.str1.1
                0x0000000000000000       0x1d arch/arm/lib/built-in.o
 .data          0x0000000000000000        0x0 arch/arm/lib/built-in.o
 .__secure_end  0x0000000000000000        0x0 arch/arm/lib/built-in.o
 .__secure_stack_end
                0x0000000000000000        0x0 arch/arm/lib/built-in.o
 .__secure_stack_start
                0x0000000000000000        0x0 arch/arm/lib/built-in.o
 .__secure_start
                0x0000000000000000        0x0 arch/arm/lib/built-in.o
 .bss           0x0000000000000000        0x0 arch/arm/lib/built-in.o
 .text          0x0000000000000000        0x0 arch/arm/mach-bcm283x/built-in.o
 .text.hw_watchdog_disable
                0x0000000000000000        0x4 arch/arm/mach-bcm283x/built-in.o
 .data          0x0000000000000000        0x0 arch/arm/mach-bcm283x/built-in.o
 .bss           0x0000000000000000        0x0 arch/arm/mach-bcm283x/built-in.o
 .text.board_fdt_blob_setup
                0x0000000000000000       0x28 board/raspberrypi/rpi/built-in.o
 .data          0x0000000000000000        0x0 board/raspberrypi/rpi/built-in.o
 .bss           0x0000000000000000        0x0 board/raspberrypi/rpi/built-in.o
 .text          0x0000000000000000        0x0 cmd/built-in.o
 .text.bootz_setup
                0x0000000000000000       0x18 cmd/built-in.o
 .text.name_to_gpio
                0x0000000000000000        0xc cmd/built-in.o
 .rodata.bootz_setup.str1.1
                0x0000000000000000       0x34 cmd/built-in.o
 .data          0x0000000000000000        0x0 cmd/built-in.o
 .bss           0x0000000000000000        0x0 cmd/built-in.o
 .text          0x0000000000000000        0x0 common/built-in.o
 .text.board_init_f_init_stack_protection
                0x0000000000000000        0x4 common/built-in.o
 .text.hash_finish_crc32
                0x0000000000000000       0x30 common/built-in.o
 .text.hash_finish_crc16_ccitt
                0x0000000000000000       0x30 common/built-in.o
 .text.hash_update_crc32
                0x0000000000000000       0x24 common/built-in.o
 .text.hash_init_crc32
                0x0000000000000000       0x24 common/built-in.o
 .text.hash_init_crc16_ccitt
                0x0000000000000000       0x24 common/built-in.o
 .text.hash_update_crc16_ccitt
                0x0000000000000000       0x24 common/built-in.o
 .text.hash_lookup_algo
                0x0000000000000000       0x58 common/built-in.o
 .text.hash_progressive_lookup_algo
                0x0000000000000000       0x70 common/built-in.o
 .text.hash_parse_string
                0x0000000000000000       0x68 common/built-in.o
 .text.hash_block
                0x0000000000000000       0x6c common/built-in.o
 .text.unset_local_var
                0x0000000000000000       0x98 common/built-in.o
 .text.arch_cpu_init
                0x0000000000000000        0x8 common/built-in.o
 .text.red_led_off
                0x0000000000000000        0x4 common/built-in.o
 .text.green_led_on
                0x0000000000000000        0x4 common/built-in.o
 .text.green_led_off
                0x0000000000000000        0x4 common/built-in.o
 .text.yellow_led_on
[...]
Memory Configuration

Name             Origin             Length             Attributes
*default*        0x0000000000000000 0xffffffffffffffff

Linker script and memory map

Address of section .text set to 0x8000
                0x0000000000000000                . = 0x0
                0x0000000000000000                . = ALIGN (0x4)

.text           0x0000000000008000      0x3b0
 *(.__image_copy_start)
 .__image_copy_start
                0x0000000000008000        0x0 arch/arm/lib/built-in.o
                0x0000000000008000                __image_copy_start
 *(.vectors)
 .vectors       0x0000000000008000      0x2e8 arch/arm/lib/built-in.o
                0x0000000000008000                _start
                0x0000000000008020                _undefined_instruction
                0x0000000000008024                _software_interrupt
                0x0000000000008028                _prefetch_abort
                0x000000000000802c                _data_abort
                0x0000000000008030                _not_used
                0x0000000000008034                _irq
                0x0000000000008038                _fiq
                0x0000000000008040                IRQ_STACK_START_IN
 arch/arm/cpu/armv7/start.o(.text*)
 .text          0x00000000000082e8       0xc8 arch/arm/cpu/armv7/start.o
                0x00000000000082e8                reset
                0x00000000000082ec                save_boot_params_ret
                0x00000000000082fc                switch_to_hypervisor_ret
                0x0000000000008330                c_runtime_cpu_setup
                0x0000000000008344                switch_to_hypervisor
                0x0000000000008348                cpu_init_cp15

.glue_7         0x00000000000083b0        0x0
 .glue_7        0x00000000000083b0        0x0 linker stubs

.glue_7t        0x00000000000083b0        0x0
 .glue_7t       0x00000000000083b0        0x0 linker stubs

.vfp11_veneer   0x00000000000083b0        0x0
 .vfp11_veneer  0x00000000000083b0        0x0 linker stubs

.v4_bx          0x00000000000083b0        0x0
 .v4_bx         0x00000000000083b0        0x0 linker stubs

.iplt           0x00000000000083b0        0x0
 .iplt          0x00000000000083b0        0x0 arch/arm/cpu/armv7/start.o

.__efi_runtime_start
                0x00000000000083b0        0x0
 *(.__efi_runtime_start)
 .__efi_runtime_start
                0x00000000000083b0        0x0 arch/arm/lib/built-in.o

.efi_runtime    0x00000000000083b0      0x9b8
 *(.text.efi_runtime*)
 .text.efi_runtime
                0x00000000000083b0       0xb0 arch/arm/mach-bcm283x/built-in.o
                0x00000000000083b0                reset_cpu
                0x00000000000083fc                efi_reset_system
 .text.efi_runtime
                0x0000000000008460      0x23c lib/built-in.o
                0x0000000000008464                efi_get_time
                0x000000000000846c                efi_set_time
                0x000000000000848c                efi_update_capsule
                0x0000000000008494                efi_query_capsule_caps
                0x000000000000856c                efi_update_table_header_crc32
                0x00000000000085a8                efi_query_variable_info
                0x00000000000085b0                crc32_no_comp
                0x0000000000008688                crc32
 .text.efi_runtime_detach
                0x000000000000869c       0x34 lib/built-in.o
                0x000000000000869c                efi_runtime_detach
 .text.efi_runtime_relocate
                0x00000000000086d0      0x174 lib/built-in.o
                0x00000000000086d0                efi_runtime_relocate
 *(.rodata.efi_runtime*)
 .rodata.efi_runtime_relocate.str1.1
                0x0000000000008844       0x4e lib/built-in.o
 *(.data.efi_runtime*)
 *fill*         0x0000000000008892        0x2 
 .data.efi_runtime
                0x0000000000008894        0x4 arch/arm/mach-bcm283x/built-in.o
                0x0000000000008894                wdog_regs
 .data.efi_runtime
                0x0000000000008898      0x4c8 lib/built-in.o
                0x0000000000008898                efi_events
                0x00000000000088a0                systab
                0x0000000000008910                efi_runtime_services
 .data.efi_runtime_mmio
                0x0000000000008d60        0x8 lib/built-in.o
                0x0000000000008d60                efi_runtime_mmio

.__efi_runtime_stop
                0x0000000000008d68        0x0
 *(.__efi_runtime_stop)
 .__efi_runtime_stop
                0x0000000000008d68        0x0 arch/arm/lib/built-in.o

.text_rest      0x0000000000008e00    0x4cce8
 *(.text*)
 .text          0x0000000000008e00      0x158 arch/arm/cpu/armv7/built-in.o
                0x0000000000008e00                __v7_flush_dcache_all
                0x0000000000008e94                v7_flush_dcache_all
                0x0000000000008ea4                __v7_invalidate_dcache_all
                0x0000000000008f38                v7_invalidate_dcache_all
                0x0000000000008f48                allow_unaligned
 .text.invalidate_icache_all
                0x0000000000008f58       0x18 arch/arm/cpu/armv7/built-in.o
                0x0000000000008f58                invalidate_icache_all
 .text.v7_outer_cache_enable
                0x0000000000008f70        0x4 arch/arm/cpu/armv7/built-in.o
                0x0000000000008f70                v7_outer_cache_enable
 .text.v7_outer_cache_disable
                0x0000000000008f74        0x4 arch/arm/cpu/armv7/built-in.o
                0x0000000000008f74                v7_outer_cache_disable
 .text.v7_outer_cache_flush_all
                0x0000000000008f78        0x4 arch/arm/cpu/armv7/built-in.o
                0x0000000000008f78                v7_outer_cache_flush_all
 .text.flush_dcache_all
                0x0000000000008f7c       0x10 arch/arm/cpu/armv7/built-in.o
                0x0000000000008f7c                flush_dcache_all
 .text.v7_outer_cache_inval_all
                0x0000000000008f8c        0x4 arch/arm/cpu/armv7/built-in.o
                0x0000000000008f8c                v7_outer_cache_inval_all
 .text.invalidate_dcache_all
                0x0000000000008f90       0x10 arch/arm/cpu/armv7/built-in.o
                0x0000000000008f90                invalidate_dcache_all
 .text.arm_init_before_mmu
                0x0000000000008fa0       0x28 arch/arm/cpu/armv7/built-in.o
                0x0000000000008fa0                arm_init_before_mmu
 .text.v7_outer_cache_flush_range
                0x0000000000008fc8        0x4 arch/arm/cpu/armv7/built-in.o
                0x0000000000008fc8                v7_outer_cache_flush_range
 .text.flush_dcache_range
                0x0000000000008fcc       0x54 arch/arm/cpu/armv7/built-in.o
                0x0000000000008fcc                flush_dcache_range
 .text.mmu_page_table_flush
                0x0000000000009020       0x24 arch/arm/cpu/armv7/built-in.o
                0x0000000000009020                mmu_page_table_flush
 .text.v7_outer_cache_inval_range
                0x0000000000009044        0x4 arch/arm/cpu/armv7/built-in.o
                0x0000000000009044                v7_outer_cache_inval_range
 .text.invalidate_dcache_range
                0x0000000000009048       0x64 arch/arm/cpu/armv7/built-in.o
                0x0000000000009048                invalidate_dcache_range
 .text.cpu_cache_initialization
                0x00000000000090ac        0x4 arch/arm/cpu/armv7/built-in.o
                0x00000000000090ac                cpu_cache_initialization
 .text.cleanup_before_linux_select
                0x00000000000090b0       0x4c arch/arm/cpu/armv7/built-in.o
                0x00000000000090b0                cleanup_before_linux_select
 .text.cleanup_before_linux
                0x00000000000090fc        0x8 arch/arm/cpu/armv7/built-in.o
                0x00000000000090fc                cleanup_before_linux
 *fill*         0x0000000000009104       0x1c 
 .text          0x0000000000009120      0x52c arch/arm/lib/built-in.o
                0x0000000000009120                _main
                0x00000000000091c0                memset
                0x000000000000929c                memcpy
 .text.setjmp   0x000000000000964c       0x10 arch/arm/lib/built-in.o
                0x000000000000964c                setjmp
 .text.longjmp  0x000000000000965c       0x1c arch/arm/lib/built-in.o
                0x000000000000965c                longjmp
 .text.relocate_vectors
                0x0000000000009678       0x70 arch/arm/lib/built-in.o
                0x0000000000009678                relocate_vectors
                0x0000000000009684                relocate_code
 .text.arch_fixup_fdt
                0x00000000000096e8       0x34 arch/arm/lib/built-in.o
                0x00000000000096e8                arch_fixup_fdt
 .text.setup_initrd_tag.isra.0
                0x000000000000971c       0x40 arch/arm/lib/built-in.o
 .text.arch_lmb_reserve
                0x000000000000975c       0x50 arch/arm/lib/built-in.o
                0x000000000000975c                arch_lmb_reserve
 .text.board_quiesce_devices
                0x00000000000097ac        0x4 arch/arm/lib/built-in.o
                0x00000000000097ac                board_quiesce_devices
 .text.boot_jump_linux
                0x00000000000097b0       0xd0 arch/arm/lib/built-in.o
 .text.setup_board_tags
                0x0000000000009880        0x4 arch/arm/lib/built-in.o
                0x0000000000009880                setup_board_tags
 .text.boot_prep_linux
                0x0000000000009884      0x184 arch/arm/lib/built-in.o
 .text.do_bootm_linux
                0x0000000000009a08       0x64 arch/arm/lib/built-in.o
                0x0000000000009a08                do_bootm_linux
 .text.boot_prep_vxworks
                0x0000000000009a6c       0x4c arch/arm/lib/built-in.o
                0x0000000000009a6c                boot_prep_vxworks
 .text.boot_jump_vxworks
                0x0000000000009ab8        0xc arch/arm/lib/built-in.o
                0x0000000000009ab8                boot_jump_vxworks
 .text.bootz_setup
                0x0000000000009ac4       0xb4 arch/arm/lib/built-in.o
                0x0000000000009ac4                bootz_setup
 .text.arch_reserve_stacks
                0x0000000000009b78       0x1c arch/arm/lib/built-in.o
                0x0000000000009b78                arch_reserve_stacks
 .text.interrupt_init
                0x0000000000009b94       0x1c arch/arm/lib/built-in.o
                0x0000000000009b94                interrupt_init
 .text.enable_interrupts
                0x0000000000009bb0        0x4 arch/arm/lib/built-in.o
                0x0000000000009bb0                enable_interrupts
 .text.disable_interrupts
                0x0000000000009bb4        0x8 arch/arm/lib/built-in.o
                0x0000000000009bb4                disable_interrupts
 .text.bad_mode
                0x0000000000009bbc       0x10 arch/arm/lib/built-in.o
                0x0000000000009bbc                bad_mode
 .text.show_regs
                0x0000000000009bcc      0x1cc arch/arm/lib/built-in.o
                0x0000000000009bcc                show_regs
 .text.do_undefined_instruction
                0x0000000000009d98       0x38 arch/arm/lib/built-in.o
                0x0000000000009d98                do_undefined_instruction
 .text.do_software_interrupt
                0x0000000000009dd0       0x38 arch/arm/lib/built-in.o
                0x0000000000009dd0                do_software_interrupt
 .text.do_prefetch_abort
                0x0000000000009e08       0x38 arch/arm/lib/built-in.o
                0x0000000000009e08                do_prefetch_abort
 .text.do_data_abort
                0x0000000000009e40       0x38 arch/arm/lib/built-in.o
                0x0000000000009e40                do_data_abort
 .text.do_not_used
                0x0000000000009e78       0x38 arch/arm/lib/built-in.o
                0x0000000000009e78                do_not_used
 .text.do_fiq   0x0000000000009eb0       0x38 arch/arm/lib/built-in.o
                0x0000000000009eb0                do_fiq
 .text.do_irq   0x0000000000009ee8       0x38 arch/arm/lib/built-in.o
                0x0000000000009ee8                do_irq
 .text.reset_misc
                0x0000000000009f20        0x4 arch/arm/lib/built-in.o
                0x0000000000009f20                reset_misc
 .text.do_reset
                0x0000000000009f24       0x30 arch/arm/lib/built-in.o
                0x0000000000009f24                do_reset
 .text.flush_cache
                0x0000000000009f54        0x8 arch/arm/lib/built-in.o
                0x0000000000009f54                flush_cache
 .text.check_cache_range
                0x0000000000009f5c       0x34 arch/arm/lib/built-in.o
                0x0000000000009f5c                check_cache_range
 .text.cache_disable
                0x0000000000009f90       0x88 arch/arm/lib/built-in.o
 .text.arm_init_domains
                0x000000000000a018        0x4 arch/arm/lib/built-in.o
                0x000000000000a018                arm_init_domains
 .text.set_section_dcache
                0x000000000000a01c       0x1c arch/arm/lib/built-in.o
                0x000000000000a01c                set_section_dcache
 .text.mmu_set_region_dcache_behaviour
                0x000000000000a038       0x58 arch/arm/lib/built-in.o
                0x000000000000a038                mmu_set_region_dcache_behaviour
 .text.dram_bank_mmu_setup
                0x000000000000a090       0x40 arch/arm/lib/built-in.o
                0x000000000000a090                dram_bank_mmu_setup
 .text.cache_enable
                0x000000000000a0d0      0x170 arch/arm/lib/built-in.o
 .text.icache_enable
                0x000000000000a240        0x8 arch/arm/lib/built-in.o
                0x000000000000a240                icache_enable
 .text.icache_disable
                0x000000000000a248        0x8 arch/arm/lib/built-in.o
                0x000000000000a248                icache_disable
 .text.dcache_enable
                0x000000000000a250        0x8 arch/arm/lib/built-in.o
                0x000000000000a250                dcache_enable
 .text.dcache_disable
                0x000000000000a258        0x8 arch/arm/lib/built-in.o
                0x000000000000a258                dcache_disable
 .text.dcache_status
                0x000000000000a260       0x24 arch/arm/lib/built-in.o
                0x000000000000a260                dcache_status
 .text.arch_cpu_init
                0x000000000000a284       0x10 arch/arm/mach-bcm283x/built-in.o
                0x000000000000a284                arch_cpu_init
 .text.enable_caches
                0x000000000000a294        0x4 arch/arm/mach-bcm283x/built-in.o
                0x000000000000a294                enable_caches
 .text.efi_reset_system_init
                0x000000000000a298       0x14 arch/arm/mach-bcm283x/built-in.o
                0x000000000000a298                efi_reset_system_init
 .text.bcm2835_mbox_call_raw
                0x000000000000a2ac      0x11c arch/arm/mach-bcm283x/built-in.o
                0x000000000000a2ac                bcm2835_mbox_call_raw
 .text.bcm2835_mbox_call_prop
                0x000000000000a3c8       0xe8 arch/arm/mach-bcm283x/built-in.o
                0x000000000000a3c8                bcm2835_mbox_call_prop
 .text.bcm2835_power_on_module
                0x000000000000a4b0       0x84 arch/arm/mach-bcm283x/built-in.o
                0x000000000000a4b0                bcm2835_power_on_module
 .text.bcm2835_get_mmc_clock
                0x000000000000a534       0x90 arch/arm/mach-bcm283x/built-in.o
                0x000000000000a534                bcm2835_get_mmc_clock
 .text.bcm2835_get_video_size
                0x000000000000a5c4       0x8c arch/arm/mach-bcm283x/built-in.o
                0x000000000000a5c4                bcm2835_get_video_size
 .text.bcm2835_set_video_params
                0x000000000000a650      0x1a8 arch/arm/mach-bcm283x/built-in.o
                0x000000000000a650                bcm2835_set_video_params
 .text.phys_to_bus
                0x000000000000a7f8        0x8 arch/arm/mach-bcm283x/built-in.o
                0x000000000000a7f8                phys_to_bus
 .text.bus_to_phys
                0x000000000000a800        0x8 arch/arm/mach-bcm283x/built-in.o
                0x000000000000a800                bus_to_phys
 *fill*         0x000000000000a808       0xf8 
 .text          0x000000000000a900        0xc board/raspberrypi/rpi/built-in.o
                0x000000000000a900                fw_dtb_pointer
                0x000000000000a904                save_boot_params
 .text.dram_init
                0x000000000000a90c       0x7c board/raspberrypi/rpi/built-in.o
                0x000000000000a90c                dram_init
 .text.board_get_usable_ram_top
                0x000000000000a988       0x28 board/raspberrypi/rpi/built-in.o
                0x000000000000a988                board_get_usable_ram_top
 .text.misc_init_r
                0x000000000000a9b0      0x280 board/raspberrypi/rpi/built-in.o
                0x000000000000a9b0                misc_init_r
 .text.board_init
                0x000000000000ac30      0x14c board/raspberrypi/rpi/built-in.o
                0x000000000000ac30                board_init
 .text.ft_board_setup
                0x000000000000ad7c       0x34 board/raspberrypi/rpi/built-in.o
                0x000000000000ad7c                ft_board_setup
 .text.do_go_exec
                0x000000000000adb0       0x10 cmd/built-in.o
                0x000000000000adb0                do_go_exec
 .text.do_go    0x000000000000adc0       0x6c cmd/built-in.o
 .text.do_bootm
                0x000000000000ae2c      0x110 cmd/built-in.o
                0x000000000000ae2c                do_bootm
 .text.do_bootd
                0x000000000000af3c       0x20 cmd/built-in.o
                0x000000000000af3c                do_bootd
 .text.image_info
                0x000000000000af5c       0xcc cmd/built-in.o
 .text.do_iminfo
                0x000000000000b028       0x54 cmd/built-in.o
 .text.bootm_maybe_autostart
                0x000000000000b07c       0x78 cmd/built-in.o
                0x000000000000b07c                bootm_maybe_autostart
 .text.do_help  0x000000000000b0f4       0x44 cmd/built-in.o
 .text.do_version
                0x000000000000b138       0x40 cmd/built-in.o
 .text.blk_common_cmd
                0x000000000000b178      0x310 cmd/built-in.o
                0x000000000000b178                blk_common_cmd
 .text.source   0x000000000000b488       0xd8 cmd/built-in.o
                0x000000000000b488                source
 .text.do_source
                0x000000000000b560       0x44 cmd/built-in.o
 .text.print_num
                0x000000000000b5a4       0x18 cmd/built-in.o
 .text.do_bdinfo
                0x000000000000b5bc      0x10c cmd/built-in.o
 .text.do_blkcache
                0x000000000000b6c8       0x68 cmd/built-in.o
 .text.blkc_configure
                0x000000000000b730       0x68 cmd/built-in.o
 .text.blkc_show
                0x000000000000b798       0x40 cmd/built-in.o
 .text.efi_install_fdt
                0x000000000000b7d8      0x300 cmd/built-in.o
 .text.do_bootefi_exec
                0x000000000000bad8      0x1c4 cmd/built-in.o
 .text.do_bootefi
                0x000000000000bc9c      0x1ec cmd/built-in.o
 .text.efi_set_bootdev
                0x000000000000be88       0xa4 cmd/built-in.o
                0x000000000000be88                efi_set_bootdev
 .text.do_bootz
                0x000000000000bf2c       0xfc cmd/built-in.o
                0x000000000000bf2c                do_bootz
 .text.do_coninfo
                0x000000000000c028       0xc0 cmd/built-in.o
 .text.do_dm_dump_devres
                0x000000000000c0e8        0x8 cmd/built-in.o
 .text.do_dm    0x000000000000c0f0       0x74 cmd/built-in.o
 .text.do_dm_dump_uclass
                0x000000000000c164       0x10 cmd/built-in.o
 .text.do_dm_dump_all
                0x000000000000c174       0x10 cmd/built-in.o
 .text.do_echo  0x000000000000c184       0xb4 cmd/built-in.o
 .text.load_elf_image_phdr
                0x000000000000c238      0x144 cmd/built-in.o
 .text.valid_elf_image
                0x000000000000c37c       0x4c cmd/built-in.o
                0x000000000000c37c                valid_elf_image
 .text.do_bootelf
                0x000000000000c3c8      0x2b8 cmd/built-in.o
                0x000000000000c3c8                do_bootelf
 .text.do_bootvx
                0x000000000000c680      0x310 cmd/built-in.o
                0x000000000000c680                do_bootvx
 .text.do_exit  0x000000000000c990       0x48 cmd/built-in.o
 .text.do_ext4_size
                0x000000000000c9d8       0x18 cmd/built-in.o
                0x000000000000c9d8                do_ext4_size
 .text.do_ext4_load
                0x000000000000c9f0       0x18 cmd/built-in.o
                0x000000000000c9f0                do_ext4_load
 .text.do_ext4_ls
                0x000000000000ca08       0x18 cmd/built-in.o
                0x000000000000ca08                do_ext4_ls
 .text.do_ext2load
                0x000000000000ca20       0x18 cmd/built-in.o
                0x000000000000ca20                do_ext2load
 .text.do_ext2ls
                0x000000000000ca38       0x18 cmd/built-in.o
 .text.do_fat_size
                0x000000000000ca50       0x18 cmd/built-in.o
                0x000000000000ca50                do_fat_size
 .text.do_fat_fsload
                0x000000000000ca68       0x18 cmd/built-in.o
                0x000000000000ca68                do_fat_fsload
 .text.do_fat_ls
                0x000000000000ca80       0x18 cmd/built-in.o
 .text.do_fat_fsinfo
                0x000000000000ca98       0x8c cmd/built-in.o
 .text.do_fat_fswrite
                0x000000000000cb24      0x148 cmd/built-in.o
 .text.do_fat_rm
                0x000000000000cc6c       0x18 cmd/built-in.o
 .text.do_fat_mkdir
                0x000000000000cc84       0x18 cmd/built-in.o
 .text.fdt_valid
                0x000000000000cc9c       0xbc cmd/built-in.o
 .text.is_printable_string
                0x000000000000cd58       0x88 cmd/built-in.o
 .text.print_data
                0x000000000000cde0      0x170 cmd/built-in.o
 .text.set_working_fdt_addr
                0x000000000000cf50       0x1c cmd/built-in.o
                0x000000000000cf50                set_working_fdt_addr
 .text.do_fdt   0x000000000000cf6c     0x1038 cmd/built-in.o
 .text.do_size_wrapper
                0x000000000000dfa4       0x18 cmd/built-in.o
 .text.do_load_wrapper
                0x000000000000dfbc       0x18 cmd/built-in.o
 .text.do_save_wrapper
                0x000000000000dfd4       0x18 cmd/built-in.o
 .text.do_ls_wrapper
                0x000000000000dfec       0x18 cmd/built-in.o
 .text.do_ln_wrapper
                0x000000000000e004       0x18 cmd/built-in.o
 .text.do_fstype_wrapper
                0x000000000000e01c        0x4 cmd/built-in.o
 .text.gpio_get_description
                0x000000000000e020       0xd8 cmd/built-in.o
 .text.do_gpio  0x000000000000e0f8      0x360 cmd/built-in.o
 .text.evalexp  0x000000000000e458       0x7c cmd/built-in.o
 .text.evalstr  0x000000000000e4d4       0x64 cmd/built-in.o
 .text.binary_test
                0x000000000000e538      0x1a4 cmd/built-in.o
 .text.do_itest
                0x000000000000e6dc       0x7c cmd/built-in.o
 .text.bin_data_init
                0x000000000000e758       0x2c cmd/built-in.o
 .text.k_data_save
                0x000000000000e784       0x4c cmd/built-in.o
 .text.k_data_restore
                0x000000000000e7d0       0x4c cmd/built-in.o
 .text.getcxmodem
                0x000000000000e81c       0x20 cmd/built-in.o
 .text.load_serial_ymodem
                0x000000000000e83c       0xcc cmd/built-in.o
 .text.bin_data_char
                0x000000000000e908       0x30 cmd/built-in.o
 .text.chk1.constprop.0
                0x000000000000e938       0x30 cmd/built-in.o
 .text.s1_sendpacket.constprop.0
                0x000000000000e968       0x4c cmd/built-in.o
 .text.load_serial
                0x000000000000e9b4      0x1c4 cmd/built-in.o
 .text.do_load_serial
                0x000000000000eb78       0xd4 cmd/built-in.o
 .text.do_load_serial_bin
                0x000000000000ec4c      0x788 cmd/built-in.o
 .text.do_mem_md
                0x000000000000f3d4       0xe8 cmd/built-in.o
 .text.do_mem_base
                0x000000000000f4bc       0x40 cmd/built-in.o
 .text.do_mem_crc
                0x000000000000f4fc       0x40 cmd/built-in.o
 .text.do_mem_mw
                0x000000000000f53c       0xc0 cmd/built-in.o
 .text.do_mem_loop
                0x000000000000f5fc       0xe8 cmd/built-in.o
 .text.do_mem_cmp
                0x000000000000f6e4      0x150 cmd/built-in.o
 .text.mod_mem.isra.0.part.0
                0x000000000000f834      0x164 cmd/built-in.o
 .text.do_mem_mm
                0x000000000000f998       0x1c cmd/built-in.o
 .text.do_mem_cp
                0x000000000000f9b4       0xa8 cmd/built-in.o
 .text.do_mem_nm
                0x000000000000fa5c       0x1c cmd/built-in.o
 .text.extract_range
                0x000000000000fa78       0x54 cmd/built-in.o
 .text.dump_field
                0x000000000000facc       0x58 cmd/built-in.o
 .text.do_mii   0x000000000000fb24      0x854 cmd/built-in.o
 .text.do_sleep
                0x0000000000010378       0xd4 cmd/built-in.o
 .text.do_mmcops
                0x000000000001044c       0xc8 cmd/built-in.o
 .text.init_mmc_device
                0x0000000000010514       0x70 cmd/built-in.o
 .text.do_mmc_rescan
                0x0000000000010584       0x24 cmd/built-in.o
 .text.do_mmc_hwpartition
                0x00000000000105a8      0x508 cmd/built-in.o
 .text.do_mmc_list
                0x0000000000010ab0       0x14 cmd/built-in.o
 .text.do_mmc_dev
                0x0000000000010ac4      0x130 cmd/built-in.o
 .text.do_mmcinfo
                0x0000000000010bf4      0x3a4 cmd/built-in.o
 .text.do_mmc_setdsr
                0x0000000000010f98       0xa4 cmd/built-in.o
 .text.do_mmc_part
                0x000000000001103c       0x60 cmd/built-in.o
 .text.do_mmc_erase
                0x000000000001109c       0xe8 cmd/built-in.o
 .text.do_mmc_write
                0x0000000000011184      0x100 cmd/built-in.o
 .text.do_mmc_read
                0x0000000000011284       0xe0 cmd/built-in.o
 .text.netboot_common
                0x0000000000011364      0x2bc cmd/built-in.o
 .text.do_bootp
                0x0000000000011620        0xc cmd/built-in.o
 .text.do_dhcp  0x000000000001162c        0xc cmd/built-in.o
 .text.do_nfs   0x0000000000011638        0xc cmd/built-in.o
 .text.do_tftpb
                0x0000000000011644       0x40 cmd/built-in.o
                0x0000000000011644                do_tftpb
 .text.do_ping  0x0000000000011684       0x78 cmd/built-in.o
 .text.efi_dump_single_var
                0x00000000000116fc      0x13c cmd/built-in.o
 .text.do_env_print_efi
                0x0000000000011838      0x190 cmd/built-in.o
                0x0000000000011838                do_env_print_efi
 .text.do_env_set_efi
                0x00000000000119c8      0x3fc cmd/built-in.o
                0x00000000000119c8                do_env_set_efi
 .text.do_part_list
                0x0000000000011dc4      0x178 cmd/built-in.o
 .text.do_part_info
                0x0000000000011f3c      0x11c cmd/built-in.o
 .text.do_part  0x0000000000012058      0x128 cmd/built-in.o
 .text.do_pinmux
                0x0000000000012180       0x64 cmd/built-in.o
 .text.do_list  0x00000000000121e4       0xb8 cmd/built-in.o
 .text.show_pinmux
                0x000000000001229c       0xd4 cmd/built-in.o
 .text.do_status
                0x0000000000012370       0xfc cmd/built-in.o
 .text.do_dev   0x000000000001246c       0x88 cmd/built-in.o
 .text.eol_or_eof
                0x00000000000124f4       0x20 cmd/built-in.o
 .text.do_pxe   0x0000000000012514       0x7c cmd/built-in.o
 .text.label_print
                0x0000000000012590       0x1c cmd/built-in.o
 .text.do_get_tftp
                0x00000000000125ac       0x40 cmd/built-in.o
 .text.from_env
                0x00000000000125ec       0x2c cmd/built-in.o
 .text.get_string
                0x0000000000012618       0xc4 cmd/built-in.o
 .text.label_destroy
                0x00000000000126dc       0x84 cmd/built-in.o
 .text.destroy_pxe_menu
                0x0000000000012760       0x5c cmd/built-in.o
 .text.get_token
                0x00000000000127bc      0x114 cmd/built-in.o
 .text.parse_sliteral
                0x00000000000128d0       0x54 cmd/built-in.o
 .text.parse_integer
                0x0000000000012924       0x70 cmd/built-in.o
 .text.do_get_any
                0x0000000000012994       0x44 cmd/built-in.o
 .text.do_get_fat
                0x00000000000129d8       0x3c cmd/built-in.o
 .text.do_get_ext2
                0x0000000000012a14       0x3c cmd/built-in.o
 .text.get_relfile
                0x0000000000012a50      0x138 cmd/built-in.o
 .text.get_pxe_file
                0x0000000000012b88       0x58 cmd/built-in.o
 .text.handle_include
                0x0000000000012be0       0xa4 cmd/built-in.o
 .text.parse_pxefile_top
                0x0000000000012c84      0x4c4 cmd/built-in.o
 .text.parse_pxefile
                0x0000000000013148       0x70 cmd/built-in.o
 .text.get_pxelinux_path
                0x00000000000131b8       0x7c cmd/built-in.o
 .text.get_relfile_envaddr
                0x0000000000013234       0x50 cmd/built-in.o
 .text.format_mac_pxe.constprop.0
                0x0000000000013284       0x74 cmd/built-in.o
 .text.do_pxe_get
                0x00000000000132f8      0x160 cmd/built-in.o
 .text.label_boot
                0x0000000000013458      0x624 cmd/built-in.o
 .text.handle_pxe_menu
                0x0000000000013a7c      0x178 cmd/built-in.o
 .text.do_pxe_boot
                0x0000000000013bf4       0xe0 cmd/built-in.o
 .text.do_sysboot
                0x0000000000013cd4      0x1e8 cmd/built-in.o
 .text.substitute
                0x0000000000013ebc       0xf4 cmd/built-in.o
 .text.get_arg  0x0000000000013fb0       0x58 cmd/built-in.o
 .text.regex_sub.part.0
                0x0000000000014008      0x45c cmd/built-in.o
 .text.do_setexpr
                0x0000000000014464      0x1a8 cmd/built-in.o
 .text.do_false
                0x000000000001460c        0x8 cmd/built-in.o
 .text.do_true  0x0000000000014614        0x8 cmd/built-in.o
 .text.do_test  0x000000000001461c      0x338 cmd/built-in.o
 .text.usb_get_class_desc
                0x0000000000014954       0xc8 cmd/built-in.o
 .text.usb_display_class_sub
                0x0000000000014a1c      0x174 cmd/built-in.o
 .text.usb_display_desc
                0x0000000000014b90      0x150 cmd/built-in.o
 .text.usb_show_tree_graph
                0x0000000000014ce0      0x228 cmd/built-in.o
 .text.usb_show_subtree
                0x0000000000014f08       0x30 cmd/built-in.o
 .text.usb_for_each_root_dev
                0x0000000000014f38       0x6c cmd/built-in.o
 .text.usb_display_string
                0x0000000000014fa4       0x44 cmd/built-in.o
 .text.usb_display_config
                0x0000000000014fe8      0x210 cmd/built-in.o
 .text.usb_show_info
                0x00000000000151f8       0x74 cmd/built-in.o
 .text.usb_find_device
                0x000000000001526c       0xb4 cmd/built-in.o
 .text.do_usbboot
                0x0000000000015320        0xc cmd/built-in.o
 .text.do_usb_start
                0x000000000001532c       0x30 cmd/built-in.o
 .text.usb_show_tree
                0x000000000001535c        0xc cmd/built-in.o
                0x000000000001535c                usb_show_tree
 .text.do_usb   0x0000000000015368      0x3ec cmd/built-in.o
 .text.common_diskboot
                0x0000000000015754      0x228 cmd/built-in.o
                0x0000000000015754                common_diskboot
 .text.do_fs_uuid_wrapper
                0x000000000001597c       0x18 cmd/built-in.o
 .text.do_imgextract
                0x0000000000015994      0x28c cmd/built-in.o
 .text.do_env_delete
                0x0000000000015c20       0xa4 cmd/built-in.o
 .text._do_env_set
                0x0000000000015cc4      0x1f0 cmd/built-in.o
 .text.do_env_set
                0x0000000000015eb4       0x24 cmd/built-in.o
 .text.do_env_save
                0x0000000000015ed8       0x14 cmd/built-in.o
 .text.do_env   0x0000000000015eec       0x68 cmd/built-in.o
 .text.env_print
                0x0000000000015f54       0xc4 cmd/built-in.o
 .text.do_env_print
                0x0000000000016018       0xd8 cmd/built-in.o
 .text.do_env_import
                0x00000000000160f0      0x298 cmd/built-in.o
 .text.do_env_default
                0x0000000000016388       0xa0 cmd/built-in.o
 .text.do_env_exists
                0x0000000000016428       0x64 cmd/built-in.o
 .text.env_get_id
                0x000000000001648c       0x10 cmd/built-in.o
                0x000000000001648c                env_get_id
 .text.env_set  0x000000000001649c       0x68 cmd/built-in.o
                0x000000000001649c                env_set
 .text.env_set_ulong
                0x0000000000016504       0x20 cmd/built-in.o
                0x0000000000016504                env_set_ulong
 .text.env_set_hex
                0x0000000000016524       0x34 cmd/built-in.o
                0x0000000000016524                env_set_hex
 .text.do_env_export
                0x0000000000016558      0x220 cmd/built-in.o
 .text.env_match
                0x0000000000016778       0x6c cmd/built-in.o
                0x0000000000016778                env_match
 .text.env_get_f
                0x00000000000167e4       0xd4 cmd/built-in.o
                0x00000000000167e4                env_get_f
 .text.env_get  0x00000000000168b8       0x78 cmd/built-in.o
                0x00000000000168b8                env_get
 .text.env_get_hex
                0x0000000000016930       0x38 cmd/built-in.o
                0x0000000000016930                env_get_hex
 .text.eth_env_get_enetaddr
                0x0000000000016968       0x5c cmd/built-in.o
                0x0000000000016968                eth_env_get_enetaddr
 .text.eth_env_set_enetaddr
                0x00000000000169c4       0x4c cmd/built-in.o
                0x00000000000169c4                eth_env_set_enetaddr
 .text.env_get_ulong
                0x0000000000016a10       0x30 cmd/built-in.o
                0x0000000000016a10                env_get_ulong
 .text.do_env_edit.part.0
                0x0000000000016a40       0xb4 cmd/built-in.o
 .text.do_env_edit
                0x0000000000016af4       0x2c cmd/built-in.o
 .text.board_init_f_alloc_reserve
                0x0000000000016b20       0x10 common/built-in.o
                0x0000000000016b20                board_init_f_alloc_reserve
 .text.board_init_f_init_reserve
                0x0000000000016b30       0x20 common/built-in.o
                0x0000000000016b30                board_init_f_init_reserve
 .text.show_boot_progress
                0x0000000000016b50        0x8 common/built-in.o
                0x0000000000016b50                show_boot_progress
 .text.main_loop
                0x0000000000016b58       0x68 common/built-in.o
                0x0000000000016b58                main_loop
 .text.mdelay   0x0000000000016bc0        0xc common/built-in.o
 .text.dummy    0x0000000000016bcc        0x4 common/built-in.o
 .text.get_version
                0x0000000000016bd0        0x8 common/built-in.o
                0x0000000000016bd0                get_version
 .text.jumptable_init
                0x0000000000016bd8      0x1d8 common/built-in.o
                0x0000000000016bd8                jumptable_init
 .text.hash_command
                0x0000000000016db0       0xb0 common/built-in.o
                0x0000000000016db0                hash_command
 .text.b_reset  0x0000000000016e60       0x1c common/built-in.o
 .text.static_get
                0x0000000000016e7c       0x1c common/built-in.o
 .text.static_peek
                0x0000000000016e98        0xc common/built-in.o
 .text.mapset   0x0000000000016ea4       0x20 common/built-in.o
 .text.syntax_err
                0x0000000000016ec4        0xc common/built-in.o
 .text.free_pipe_list
                0x0000000000016ed0       0xe8 common/built-in.o
 .text.xmalloc  0x0000000000016fb8       0x20 common/built-in.o
 .text.new_pipe
                0x0000000000016fd8       0x28 common/built-in.o
 .text.xrealloc
                0x0000000000017000       0x20 common/built-in.o
 .text.done_command
                0x0000000000017020       0x88 common/built-in.o
 .text.done_pipe
                0x00000000000170a8       0x4c common/built-in.o
 .text.done_word
                0x00000000000170f4      0x2d4 common/built-in.o
 .text.is_assignment
                0x00000000000173c8       0x5c common/built-in.o
 .text.file_get
                0x0000000000017424      0x1e0 common/built-in.o
 .text.do_showvar
                0x0000000000017604      0x104 common/built-in.o
 .text.b_addchr
                0x0000000000017708       0x80 common/built-in.o
 .text.b_addqchr
                0x0000000000017788       0x50 common/built-in.o
 .text.file_peek
                0x00000000000177d8        0xc common/built-in.o
 .text.get_local_var
                0x00000000000177e4       0x94 common/built-in.o
                0x00000000000177e4                get_local_var
 .text.set_local_var
                0x0000000000017878      0x1a0 common/built-in.o
                0x0000000000017878                set_local_var
 .text.insert_var_value_sub
                0x0000000000017a18      0x2b4 common/built-in.o
 .text.parse_string_outer
                0x0000000000017ccc       0xe4 common/built-in.o
                0x0000000000017ccc                parse_string_outer
 .text.run_list_real
                0x0000000000017db0      0x7ac common/built-in.o
 .text.parse_stream_outer
                0x000000000001855c      0x6b0 common/built-in.o
 .text.parse_file_outer
                0x0000000000018c0c       0x44 common/built-in.o
                0x0000000000018c0c                parse_file_outer
 .text.u_boot_hush_start
                0x0000000000018c50       0x54 common/built-in.o
                0x0000000000018c50                u_boot_hush_start
 .text.bootdelay_process
                0x0000000000018ca4       0xbc common/built-in.o
                0x0000000000018ca4                bootdelay_process
 .text.autoboot_command
                0x0000000000018d60       0xf4 common/built-in.o
                0x0000000000018d60                autoboot_command
 .text.log_init
                0x0000000000018e54       0x10 common/built-in.o
 .text.display_text_info
                0x0000000000018e64        0x8 common/built-in.o
 .text.setup_mon_len
                0x0000000000018e6c       0x20 common/built-in.o
 .text.reserve_round_4k
                0x0000000000018e8c       0x18 common/built-in.o
 .text.reserve_mmu
                0x0000000000018ea4       0x38 common/built-in.o
                0x0000000000018ea4                reserve_mmu
 .text.reserve_uboot
                0x0000000000018edc       0x40 common/built-in.o
 .text.reserve_malloc
                0x0000000000018f1c       0x18 common/built-in.o
 .text.reserve_global_data
                0x0000000000018f34       0x1c common/built-in.o
 .text.dram_init_banksize
                0x0000000000018f50       0x24 common/built-in.o
                0x0000000000018f50                dram_init_banksize
 .text.setup_reloc
                0x0000000000018f74       0x3c common/built-in.o
 .text.reserve_board
                0x0000000000018fb0       0x40 common/built-in.o
 .text.reserve_video
                0x0000000000018ff0       0x2c common/built-in.o
 .text.announce_dram_init
                0x000000000001901c       0x18 common/built-in.o
 .text.init_baud_rate
                0x0000000000019034       0x2c common/built-in.o
 .text.initf_dm
                0x0000000000019060        0x8 common/built-in.o
 .text.initf_bootstage
                0x0000000000019068       0x14 common/built-in.o
 .text.arch_cpu_init_dm
                0x000000000001907c        0x8 common/built-in.o
                0x000000000001907c                arch_cpu_init_dm
 .text.setup_spl_handoff
                0x0000000000019084        0x8 common/built-in.o
 .text.mach_cpu_init
                0x000000000001908c        0x8 common/built-in.o
                0x000000000001908c                mach_cpu_init
 .text.reserve_trace
                0x0000000000019094        0x8 common/built-in.o
 .text.setup_machine
                0x000000000001909c        0x8 common/built-in.o
 .text.reserve_fdt
                0x00000000000190a4        0x8 common/built-in.o
 .text.reserve_bootstage
                0x00000000000190ac        0x8 common/built-in.o
 .text.reserve_bloblist
                0x00000000000190b4        0x8 common/built-in.o
 .text.display_new_sp
                0x00000000000190bc        0x8 common/built-in.o
 .text.reloc_fdt
                0x00000000000190c4        0x8 common/built-in.o
 .text.reloc_bootstage
                0x00000000000190cc        0x8 common/built-in.o
 .text.reloc_bloblist
                0x00000000000190d4        0x8 common/built-in.o
 .text.initf_console_record
                0x00000000000190dc        0x8 common/built-in.o
 .text.reserve_arch
                0x00000000000190e4        0x8 common/built-in.o
                0x00000000000190e4                reserve_arch
 .text.coloured_LED_init
                0x00000000000190ec        0x4 common/built-in.o
                0x00000000000190ec                coloured_LED_init
 .text.red_led_on
                0x00000000000190f0        0x4 common/built-in.o
                0x00000000000190f0                red_led_on
 .text.board_add_ram_info
                0x00000000000190f4        0x4 common/built-in.o
                0x00000000000190f4                board_add_ram_info
 .text.show_dram_config
                0x00000000000190f8       0x38 common/built-in.o
 .text.setup_dest_addr
                0x0000000000019130       0x3c common/built-in.o
 .text.reserve_stacks
                0x000000000001916c       0x1c common/built-in.o
 .text.board_init_f
                0x0000000000019188       0x5c common/built-in.o
                0x0000000000019188                board_init_f
 .text.initr_trace
                0x00000000000191e4        0x8 common/built-in.o
 .text.initr_reloc
                0x00000000000191ec       0x18 common/built-in.o
 .text.run_main_loop
                0x0000000000019204        0xc common/built-in.o
 .text.initr_net
                0x0000000000019210       0x1c common/built-in.o
 .text.initr_ethaddr
                0x000000000001922c       0x20 common/built-in.o
 .text.initr_enable_interrupts
                0x000000000001924c       0x10 common/built-in.o
 .text.initr_jumptable
                0x000000000001925c       0x10 common/built-in.o
 .text.initr_env
                0x000000000001926c       0x64 common/built-in.o
 .text.initr_mmc
                0x00000000000192d0       0x20 common/built-in.o
 .text.initr_serial
                0x00000000000192f0       0x10 common/built-in.o
 .text.initr_dm
                0x0000000000019300       0x14 common/built-in.o
 .text.initr_bootstage
                0x0000000000019314       0x14 common/built-in.o
 .text.initr_malloc
                0x0000000000019328       0x24 common/built-in.o
 .text.initr_reloc_global_data
                0x000000000001934c       0x5c common/built-in.o
 .text.initr_caches
                0x00000000000193a8       0x10 common/built-in.o
 .text.bootstage_relocate
                0x00000000000193b8        0x8 common/built-in.o
 .text.initr_barrier
                0x00000000000193c0        0x8 common/built-in.o
 .text.initr_console_record
                0x00000000000193c8        0x8 common/built-in.o
 .text.power_init_board
                0x00000000000193d0        0x8 common/built-in.o
                0x00000000000193d0                power_init_board
 .text.initr_announce
                0x00000000000193d8        0x8 common/built-in.o
 .text.cpu_secondary_init_r
                0x00000000000193e0        0x4 common/built-in.o
                0x00000000000193e0                cpu_secondary_init_r
 .text.initr_secondary_cpu
                0x00000000000193e4       0x10 common/built-in.o
 .text.board_init_r
                0x00000000000193f4       0x5c common/built-in.o
                0x00000000000193f4                board_init_r
 .text.bootm_find_images
                0x0000000000019450       0xa8 common/built-in.o
                0x0000000000019450                bootm_find_images
 .text.bootm_disable_interrupts
                0x00000000000194f8       0x18 common/built-in.o
                0x00000000000194f8                bootm_disable_interrupts
 .text.do_bootm_states
                0x0000000000019510      0x780 common/built-in.o
                0x0000000000019510                do_bootm_states
 .text.switch_to_non_secure_mode
                0x0000000000019c90        0x4 common/built-in.o
                0x0000000000019c90                switch_to_non_secure_mode
 .text.do_bootm_vxworks
                0x0000000000019c94      0x124 common/built-in.o
                0x0000000000019c94                do_bootm_vxworks
 .text.copy_args
                0x0000000000019db8       0x48 common/built-in.o
 .text.do_bootm_rtems
                0x0000000000019e00       0x40 common/built-in.o
 .text.do_bootm_plan9
                0x0000000000019e40       0xa4 common/built-in.o
 .text.do_bootm_standalone
                0x0000000000019ee4       0x64 common/built-in.o
 .text.do_bootm_qnxelf
                0x0000000000019f48       0x78 common/built-in.o
 .text.do_bootm_netbsd
                0x0000000000019fc0       0xf8 common/built-in.o
 .text.arch_preboot_os
                0x000000000001a0b8        0x4 common/built-in.o
                0x000000000001a0b8                arch_preboot_os
 .text.board_preboot_os
                0x000000000001a0bc        0x4 common/built-in.o
                0x000000000001a0bc                board_preboot_os
 .text.boot_selected_os
                0x000000000001a0c0       0x5c common/built-in.o
                0x000000000001a0c0                boot_selected_os
 .text.bootm_os_get_boot_func
                0x000000000001a11c       0x10 common/built-in.o
                0x000000000001a11c                bootm_os_get_boot_func
 .text.of_bus_default_map
                0x000000000001a12c       0xb8 common/built-in.o
 .text.of_bus_default_translate
                0x000000000001a1e4       0x98 common/built-in.o
 .text.fdt_support_default_count_cells
                0x000000000001a27c       0x58 common/built-in.o
                0x000000000001a27c                fdt_support_default_count_cells
 .text.__of_translate_address
                0x000000000001a2d4      0x274 common/built-in.o
 .text.fdt_find_and_setprop
                0x000000000001a548       0x70 common/built-in.o
                0x000000000001a548                fdt_find_and_setprop
 .text.fdt_find_or_add_subnode
                0x000000000001a5b8       0x60 common/built-in.o
                0x000000000001a5b8                fdt_find_or_add_subnode
 .text.fdt_root
                0x000000000001a618       0x90 common/built-in.o
                0x000000000001a618                fdt_root
 .text.fdt_initrd
                0x000000000001a6a8      0x1a4 common/built-in.o
                0x000000000001a6a8                fdt_initrd
 .text.fdt_chosen
                0x000000000001a84c       0xa8 common/built-in.o
                0x000000000001a84c                fdt_chosen
 .text.do_fixup_by_path
                0x000000000001a8f4       0x54 common/built-in.o
                0x000000000001a8f4                do_fixup_by_path
 .text.fdt_fixup_memory_banks
                0x000000000001a948      0x1f8 common/built-in.o
                0x000000000001a948                fdt_fixup_memory_banks
 .text.fdt_fixup_memory
                0x000000000001ab40       0x20 common/built-in.o
                0x000000000001ab40                fdt_fixup_memory
 .text.fdt_fixup_ethernet
                0x000000000001ab60      0x1ac common/built-in.o
                0x000000000001ab60                fdt_fixup_ethernet
 .text.fdt_shrink_to_minimum
                0x000000000001ad0c       0xec common/built-in.o
                0x000000000001ad0c                fdt_shrink_to_minimum
 .text.fdt_translate_address
                0x000000000001adf8        0xc common/built-in.o
                0x000000000001adf8                fdt_translate_address
 .text.fdt_setup_simplefb_node
                0x000000000001ae04      0x210 common/built-in.o
                0x000000000001ae04                fdt_setup_simplefb_node
 .text.fdt_overlay_apply_verbose
                0x000000000001b014       0x6c common/built-in.o
                0x000000000001b014                fdt_overlay_apply_verbose
 .text.miiphy_get_dev_by_name
                0x000000000001b080       0x58 common/built-in.o
                0x000000000001b080                miiphy_get_dev_by_name
 .text.miiphy_init
                0x000000000001b0d8       0x24 common/built-in.o
                0x000000000001b0d8                miiphy_init
 .text.miiphy_set_current_dev
                0x000000000001b0fc       0x40 common/built-in.o
                0x000000000001b0fc                miiphy_set_current_dev
 .text.miiphy_get_active_dev
                0x000000000001b13c       0x54 common/built-in.o
 .text.miiphy_get_current_dev
                0x000000000001b190       0x18 common/built-in.o
                0x000000000001b190                miiphy_get_current_dev
 .text.miiphy_read
                0x000000000001b1a8       0x4c common/built-in.o
                0x000000000001b1a8                miiphy_read
 .text.miiphy_write
                0x000000000001b1f4       0x40 common/built-in.o
                0x000000000001b1f4                miiphy_write
 .text.miiphy_listdev
                0x000000000001b234       0x78 common/built-in.o
                0x000000000001b234                miiphy_listdev
 .text.miiphy_info
                0x000000000001b2ac       0x88 common/built-in.o
                0x000000000001b2ac                miiphy_info
 .text.miiphy_speed
                0x000000000001b334       0xc4 common/built-in.o
                0x000000000001b334                miiphy_speed
 .text.miiphy_duplex
                0x000000000001b3f8       0xbc common/built-in.o
                0x000000000001b3f8                miiphy_duplex
 .text.miiphy_is_1000base_x
                0x000000000001b4b4        0x8 common/built-in.o
                0x000000000001b4b4                miiphy_is_1000base_x
 .text.usb_set_maxpacket_ep
                0x000000000001b4bc       0x74 common/built-in.o
 .text.usb_int_msg
                0x000000000001b530        0xc common/built-in.o
                0x000000000001b530                usb_int_msg
 .text.usb_control_msg
                0x000000000001b53c       0x9c common/built-in.o
                0x000000000001b53c                usb_control_msg
 .text.usb_get_descriptor
                0x000000000001b5d8       0x54 common/built-in.o
 .text.get_descriptor_len
                0x000000000001b62c       0x90 common/built-in.o
 .text.usb_setup_descriptor
                0x000000000001b6bc       0xd8 common/built-in.o
 .text.usb_get_string
                0x000000000001b794       0x78 common/built-in.o
 .text.usb_string_sub
                0x000000000001b80c      0x100 common/built-in.o
 .text.usb_bulk_msg
                0x000000000001b90c       0x74 common/built-in.o
                0x000000000001b90c                usb_bulk_msg
 .text.usb_maxpacket
                0x000000000001b980       0x18 common/built-in.o
                0x000000000001b980                usb_maxpacket
 .text.usb_clear_halt
                0x000000000001b998       0x8c common/built-in.o
                0x000000000001b998                usb_clear_halt
 .text.usb_get_configuration_len
                0x000000000001ba24       0x74 common/built-in.o
                0x000000000001ba24                usb_get_configuration_len
 .text.usb_get_configuration_no
                0x000000000001ba98       0x30 common/built-in.o
                0x000000000001ba98                usb_get_configuration_no
 .text.usb_set_interface
                0x000000000001bac8       0xb4 common/built-in.o
                0x000000000001bac8                usb_set_interface
 .text.usb_set_protocol
                0x000000000001bb7c       0x4c common/built-in.o
                0x000000000001bb7c                usb_set_protocol
 .text.usb_set_idle
                0x000000000001bbc8       0x50 common/built-in.o
                0x000000000001bbc8                usb_set_idle
 .text.usb_string
                0x000000000001bc18      0x100 common/built-in.o
                0x000000000001bc18                usb_string
 .text.usb_select_config
                0x000000000001bd18      0x478 common/built-in.o
                0x000000000001bd18                usb_select_config
 .text.usb_setup_device
                0x000000000001c190       0xf8 common/built-in.o
                0x000000000001c190                usb_setup_device
 .text.usb_device_has_child_on_port
                0x000000000001c288        0x8 common/built-in.o
                0x000000000001c288                usb_device_has_child_on_port
 .text.usb_find_usb2_hub_address_port
                0x000000000001c290       0x78 common/built-in.o
                0x000000000001c290                usb_find_usb2_hub_address_port
 .text.usb_set_port_feature
                0x000000000001c308       0x4c common/built-in.o
 .text.usb_clear_port_feature
                0x000000000001c354       0x4c common/built-in.o
 .text.usb_get_hub_descriptor
                0x000000000001c3a0       0x5c common/built-in.o
 .text.usb_hub_reset_devices
                0x000000000001c3fc        0x4 common/built-in.o
                0x000000000001c3fc                usb_hub_reset_devices
 .text.usb_hub_is_root_hub
                0x000000000001c400       0x18 common/built-in.o
                0x000000000001c400                usb_hub_is_root_hub
 .text.usb_get_port_status
                0x000000000001c418       0xac common/built-in.o
                0x000000000001c418                usb_get_port_status
 .text.usb_hub_port_connect_change
                0x000000000001c4c4      0x164 common/built-in.o
                0x000000000001c4c4                usb_hub_port_connect_change
 .text.usb_hub_configure
                0x000000000001c628      0x5c8 common/built-in.o
 .text.usb_hub_scan
                0x000000000001cbf0       0x10 common/built-in.o
                0x000000000001cbf0                usb_hub_scan
 .text.usb_hub_post_probe
                0x000000000001cc00        0x4 common/built-in.o
 .text.usb_stor_irq
                0x000000000001cc04       0x1c common/built-in.o
 .text.usb_stor_BBB_reset
                0x000000000001cc20       0xdc common/built-in.o
 .text.usb_stor_CB_reset
                0x000000000001ccfc       0xd4 common/built-in.o
 .text.usb_stor_BBB_clear_endpt_stall.isra.0
                0x000000000001cdd0       0x40 common/built-in.o
 .text.usb_stor_BBB_transport
                0x000000000001ce10      0x268 common/built-in.o
 .text.usb_stor_CB_comdat
                0x000000000001d078      0x210 common/built-in.o
 .text.usb_stor_CBI_get_status.isra.0
                0x000000000001d288       0xd4 common/built-in.o
 .text.usb_stor_CB_transport
                0x000000000001d35c      0x220 common/built-in.o
 .text.usb_request_sense.constprop.0
                0x000000000001d57c       0x70 common/built-in.o
 .text.usb_stor_read
                0x000000000001d5ec      0x158 common/built-in.o
 .text.usb_stor_write
                0x000000000001d744      0x158 common/built-in.o
 .text.usb_stor_info
                0x000000000001d89c       0x74 common/built-in.o
                0x000000000001d89c                usb_stor_info
 .text.usb_stor_reset
                0x000000000001d910       0x14 common/built-in.o
                0x000000000001d910                usb_stor_reset
 .text.usb_stor_scan
                0x000000000001d924       0x48 common/built-in.o
                0x000000000001d924                usb_stor_scan
 .text.usb_storage_probe
                0x000000000001d96c      0x244 common/built-in.o
                0x000000000001d96c                usb_storage_probe
 .text.usb_stor_get_info
                0x000000000001dbb0      0x30c common/built-in.o
                0x000000000001dbb0                usb_stor_get_info
 .text.usb_mass_storage_probe
                0x000000000001debc      0x16c common/built-in.o
 .text.iomux_doenv
                0x000000000001e028      0x1b4 common/built-in.o
                0x000000000001e028                iomux_doenv
 .text.lcd_dt_simplefb_configure_node
                0x000000000001e1dc       0xa8 common/built-in.o
 .text.lcd_dt_simplefb_add_node
                0x000000000001e284       0x98 common/built-in.o
                0x000000000001e284                lcd_dt_simplefb_add_node
 .text.menu_display_statusline
                0x000000000001e31c        0x4 common/built-in.o
                0x000000000001e31c                menu_display_statusline
 .text.menu_default_set
                0x000000000001e320       0x78 common/built-in.o
                0x000000000001e320                menu_default_set
 .text.menu_get_choice
                0x000000000001e398      0x1e8 common/built-in.o
                0x000000000001e398                menu_get_choice
 .text.menu_item_add
                0x000000000001e580       0xd4 common/built-in.o
                0x000000000001e580                menu_item_add
 .text.menu_create
                0x000000000001e654       0x94 common/built-in.o
                0x000000000001e654                menu_create
 .text.menu_destroy
                0x000000000001e6e8       0x6c common/built-in.o
                0x000000000001e6e8                menu_destroy
 .text.usb_kbd_remove
                0x000000000001e754       0x94 common/built-in.o
 .text.usb_kbd_probe
                0x000000000001e7e8      0x1dc common/built-in.o
 .text.usb_kbd_put_sequence
                0x000000000001e9c4       0x5c common/built-in.o
 .text.usb_kbd_translate.part.0
                0x000000000001ea20      0x184 common/built-in.o
 .text.usb_kbd_irq_worker
                0x000000000001eba4      0x1a8 common/built-in.o
 .text.usb_kbd_getc
                0x000000000001ed4c       0x80 common/built-in.o
 .text.usb_kbd_testc
                0x000000000001edcc       0xa4 common/built-in.o
 .text.usb_kbd_irq
                0x000000000001ee70       0x24 common/built-in.o
 .text.delete_char.part.0
                0x000000000001ee94       0xd0 common/built-in.o
 .text.cread_add_char
                0x000000000001ef64       0xe4 common/built-in.o
 .text.cli_readline_into_buffer
                0x000000000001f048      0xa18 common/built-in.o
                0x000000000001f048                cli_readline_into_buffer
 .text.cli_readline
                0x000000000001fa60       0x14 common/built-in.o
                0x000000000001fa60                cli_readline
 .text.cli_simple_process_macros
                0x000000000001fa74      0x1e0 common/built-in.o
                0x000000000001fa74                cli_simple_process_macros
 .text.console_tstc
                0x000000000001fc54       0x8c common/built-in.o
 .text.console_putc
                0x000000000001fce0       0x50 common/built-in.o
 .text.console_puts
                0x000000000001fd30       0x50 common/built-in.o
 .text.on_console
                0x000000000001fd80       0xb8 common/built-in.o
 .text.serial_printf
                0x000000000001fe38       0x48 common/built-in.o
                0x000000000001fe38                serial_printf
 .text.puts     0x000000000001fe80       0x30 common/built-in.o
                0x000000000001fe80                puts
 .text.putc     0x000000000001feb0       0x30 common/built-in.o
                0x000000000001feb0                putc
 .text.console_getc.isra.0
                0x000000000001fee0       0x28 common/built-in.o
 .text.tstc     0x000000000001ff08       0x24 common/built-in.o
                0x000000000001ff08                tstc
 .text.getc     0x000000000001ff2c       0x44 common/built-in.o
                0x000000000001ff2c                getc
 .text.fputs    0x000000000001ff70        0xc common/built-in.o
                0x000000000001ff70                fputs
 .text.ctrlc    0x000000000001ff7c       0x60 common/built-in.o
                0x000000000001ff7c                ctrlc
 .text.disable_ctrlc
                0x000000000001ffdc       0x18 common/built-in.o
                0x000000000001ffdc                disable_ctrlc
 .text.had_ctrlc
                0x000000000001fff4       0x10 common/built-in.o
                0x000000000001fff4                had_ctrlc
 .text.clear_ctrlc
                0x0000000000020004       0x14 common/built-in.o
                0x0000000000020004                clear_ctrlc
 .text.search_device
                0x0000000000020018       0x28 common/built-in.o
                0x0000000000020018                search_device
 .text.console_assign
                0x0000000000020040       0xd0 common/built-in.o
                0x0000000000020040                console_assign
 .text.console_init_f
                0x0000000000020110       0x10 common/built-in.o
                0x0000000000020110                console_init_f
 .text.stdio_print_current_devices
                0x0000000000020120       0xb0 common/built-in.o
                0x0000000000020120                stdio_print_current_devices
 .text.console_init_r
                0x00000000000201d0      0x194 common/built-in.o
                0x00000000000201d0                console_init_r
 .text.sbrk     0x0000000000020364       0x6c common/built-in.o
                0x0000000000020364                sbrk
 .text.mem_malloc_init
                0x00000000000203d0       0x34 common/built-in.o
                0x00000000000203d0                mem_malloc_init
 .text.malloc_trim
                0x0000000000020404       0xd0 common/built-in.o
                0x0000000000020404                malloc_trim
 .text.free     0x00000000000204d4      0x240 common/built-in.o
                0x00000000000204d4                free
 .text.malloc   0x0000000000020714      0x618 common/built-in.o
                0x0000000000020714                malloc
 .text.calloc   0x0000000000020d2c      0x140 common/built-in.o
                0x0000000000020d2c                calloc
 .text.realloc  0x0000000000020e6c      0x428 common/built-in.o
                0x0000000000020e6c                realloc
 .text.memalign
                0x0000000000021294      0x188 common/built-in.o
                0x0000000000021294                memalign
 .text.initf_malloc
                0x000000000002141c       0x18 common/built-in.o
                0x000000000002141c                initf_malloc
 .text.alloc_simple
                0x0000000000021434       0x48 common/built-in.o
 .text.malloc_simple
                0x000000000002147c        0x8 common/built-in.o
                0x000000000002147c                malloc_simple
 .text.memalign_simple
                0x0000000000021484       0x10 common/built-in.o
                0x0000000000021484                memalign_simple
 .text.on_loadaddr
                0x0000000000021494       0x34 common/built-in.o
 .text.image_check_hcrc
                0x00000000000214c8       0x4c common/built-in.o
                0x00000000000214c8                image_check_hcrc
 .text.image_check_dcrc
                0x0000000000021514       0x38 common/built-in.o
                0x0000000000021514                image_check_dcrc
 .text.image_multi_count
                0x000000000002154c       0x1c common/built-in.o
                0x000000000002154c                image_multi_count
 .text.image_multi_getimg
                0x0000000000021568       0x78 common/built-in.o
                0x0000000000021568                image_multi_getimg
 .text.env_get_bootm_low
                0x00000000000215e0       0x28 common/built-in.o
                0x00000000000215e0                env_get_bootm_low
 .text.env_get_bootm_size
                0x0000000000021608       0x68 common/built-in.o
                0x0000000000021608                env_get_bootm_size
 .text.env_get_bootm_mapsize
                0x0000000000021670       0x30 common/built-in.o
                0x0000000000021670                env_get_bootm_mapsize
 .text.memmove_wd
                0x00000000000216a0        0xc common/built-in.o
                0x00000000000216a0                memmove_wd
 .text.genimg_print_size
                0x00000000000216ac       0x30 common/built-in.o
                0x00000000000216ac                genimg_print_size
 .text.get_table_entry
                0x00000000000216dc       0x24 common/built-in.o
                0x00000000000216dc                get_table_entry
 .text.get_table_entry_name
                0x0000000000021700       0x20 common/built-in.o
                0x0000000000021700                get_table_entry_name
 .text.genimg_get_os_name
                0x0000000000021720       0x18 common/built-in.o
                0x0000000000021720                genimg_get_os_name
 .text.genimg_get_arch_name
                0x0000000000021738       0x18 common/built-in.o
                0x0000000000021738                genimg_get_arch_name
 .text.genimg_get_type_name
                0x0000000000021750       0x18 common/built-in.o
                0x0000000000021750                genimg_get_type_name
 .text.image_decomp
                0x0000000000021768       0xe8 common/built-in.o
                0x0000000000021768                image_decomp
 .text.genimg_get_comp_name
                0x0000000000021850       0x18 common/built-in.o
                0x0000000000021850                genimg_get_comp_name
 .text.image_print_contents
                0x0000000000021868      0x1b0 common/built-in.o
                0x0000000000021868                image_print_contents
 .text.genimg_get_kernel_addr_fit
                0x0000000000021a18       0x24 common/built-in.o
                0x0000000000021a18                genimg_get_kernel_addr_fit
 .text.genimg_get_kernel_addr
                0x0000000000021a3c       0x24 common/built-in.o
                0x0000000000021a3c                genimg_get_kernel_addr
 .text.genimg_get_format
                0x0000000000021a60       0x34 common/built-in.o
                0x0000000000021a60                genimg_get_format
 .text.genimg_has_config
                0x0000000000021a94        0x8 common/built-in.o
                0x0000000000021a94                genimg_has_config
 .text.boot_get_ramdisk
                0x0000000000021a9c      0x27c common/built-in.o
                0x0000000000021a9c                boot_get_ramdisk
 .text.boot_ramdisk_high
                0x0000000000021d18      0x124 common/built-in.o
                0x0000000000021d18                boot_ramdisk_high
 .text.boot_get_setup
                0x0000000000021e3c        0x8 common/built-in.o
                0x0000000000021e3c                boot_get_setup
 .text.image_setup_linux
                0x0000000000021e44       0x60 common/built-in.o
                0x0000000000021e44                image_setup_linux
 .text.fdt_error
                0x0000000000021ea4       0x2c common/built-in.o
 .text.boot_fdt_add_mem_rsv_regions
                0x0000000000021ed0      0x188 common/built-in.o
                0x0000000000021ed0                boot_fdt_add_mem_rsv_regions
 .text.boot_relocate_fdt
                0x0000000000022058      0x194 common/built-in.o
                0x0000000000022058                boot_relocate_fdt
 .text.boot_get_fdt
                0x00000000000221ec      0x27c common/built-in.o
                0x00000000000221ec                boot_get_fdt
 .text.ft_verify_fdt
                0x0000000000022468        0x8 common/built-in.o
                0x0000000000022468                ft_verify_fdt
 .text.image_setup_libfdt
                0x0000000000022470      0x13c common/built-in.o
                0x0000000000022470                image_setup_libfdt
 .text.get_effective_memsize
                0x00000000000225ac        0x8 common/built-in.o
                0x00000000000225ac                get_effective_memsize
 .text.nulldev_putc
                0x00000000000225b4        0x4 common/built-in.o
 .text.nulldev_puts
                0x00000000000225b8        0x4 common/built-in.o
 .text.nulldev_input
                0x00000000000225bc        0x8 common/built-in.o
 .text.stdio_serial_tstc
                0x00000000000225c4        0x4 common/built-in.o
 .text.stdio_serial_getc
                0x00000000000225c8        0x4 common/built-in.o
 .text.stdio_serial_puts
                0x00000000000225cc        0x8 common/built-in.o
 .text.stdio_serial_putc
                0x00000000000225d4        0x8 common/built-in.o
 .text.stdio_get_list
                0x00000000000225dc        0xc common/built-in.o
                0x00000000000225dc                stdio_get_list
 .text.stdio_get_by_name
                0x00000000000225e8       0xf4 common/built-in.o
                0x00000000000225e8                stdio_get_by_name
 .text.stdio_clone
                0x00000000000226dc       0x38 common/built-in.o
                0x00000000000226dc                stdio_clone
 .text.stdio_register_dev
                0x0000000000022714       0x50 common/built-in.o
                0x0000000000022714                stdio_register_dev
 .text.stdio_register
                0x0000000000022764        0x8 common/built-in.o
                0x0000000000022764                stdio_register
 .text.stdio_deregister_dev
                0x000000000002276c      0x100 common/built-in.o
                0x000000000002276c                stdio_deregister_dev
 .text.stdio_init_tables
                0x000000000002286c       0x1c common/built-in.o
                0x000000000002286c                stdio_init_tables
 .text.stdio_add_devices
                0x0000000000022888      0x130 common/built-in.o
                0x0000000000022888                stdio_add_devices
 .text.run_command
                0x00000000000229b8       0x10 common/built-in.o
                0x00000000000229b8                run_command
 .text.run_command_list
                0x00000000000229c8       0x7c common/built-in.o
                0x00000000000229c8                run_command_list
 .text.do_run   0x0000000000022a44       0x74 common/built-in.o
                0x0000000000022a44                do_run
 .text.cli_process_fdt
                0x0000000000022ab8       0x40 common/built-in.o
                0x0000000000022ab8                cli_process_fdt
 .text.cli_secure_boot_cmd
                0x0000000000022af8       0x78 common/built-in.o
                0x0000000000022af8                cli_secure_boot_cmd
 .text.cli_loop
                0x0000000000022b70       0x14 common/built-in.o
                0x0000000000022b70                cli_loop
 .text.cli_init
                0x0000000000022b84        0x4 common/built-in.o
                0x0000000000022b84                cli_init
 .text.find_cmd_tbl
                0x0000000000022b88       0xa4 common/built-in.o
                0x0000000000022b88                find_cmd_tbl
 .text.find_cmd
                0x0000000000022c2c       0x28 common/built-in.o
                0x0000000000022c2c                find_cmd
 .text.cmd_usage
                0x0000000000022c54       0x5c common/built-in.o
                0x0000000000022c54                cmd_usage
 .text._do_help
                0x0000000000022cb0      0x188 common/built-in.o
                0x0000000000022cb0                _do_help
 .text.var_complete
                0x0000000000022e38       0x98 common/built-in.o
                0x0000000000022e38                var_complete
 .text.complete_subcmdv
                0x0000000000022ed0      0x1b4 common/built-in.o
                0x0000000000022ed0                complete_subcmdv
 .text.cmd_auto_complete
                0x0000000000023084      0x404 common/built-in.o
                0x0000000000023084                cmd_auto_complete
 .text.cmd_get_data_size
                0x0000000000023488       0x50 common/built-in.o
                0x0000000000023488                cmd_get_data_size
 .text.cmd_always_repeatable
                0x00000000000234d8       0x20 common/built-in.o
                0x00000000000234d8                cmd_always_repeatable
 .text.cmd_never_repeatable
                0x00000000000234f8       0x20 common/built-in.o
                0x00000000000234f8                cmd_never_repeatable
 .text.cmd_process
                0x0000000000023518      0x154 common/built-in.o
                0x0000000000023518                cmd_process
 .text.cmd_process_error
                0x000000000002366c       0x3c common/built-in.o
                0x000000000002366c                cmd_process_error
 .text.hex1_bin
                0x00000000000236a8       0x3c common/built-in.o
 .text.hex2_bin
                0x00000000000236e4       0x38 common/built-in.o
 .text.srec_decode
                0x000000000002371c      0x248 common/built-in.o
                0x000000000002371c                srec_decode
 .text.CYGACC_COMM_IF_GETC_TIMEOUT.isra.0
                0x0000000000023964       0x4c common/built-in.o
 .text.xyzModem_flush
                0x00000000000239b0       0x1c common/built-in.o
 .text.xyzModem_get_hdr
                0x00000000000239cc      0x214 common/built-in.o
 .text.xyzModem_stream_open
                0x0000000000023be0      0x208 common/built-in.o
                0x0000000000023be0                xyzModem_stream_open
 .text.xyzModem_stream_read
                0x0000000000023de8      0x24c common/built-in.o
                0x0000000000023de8                xyzModem_stream_read
 .text.xyzModem_stream_close
                0x0000000000024034       0x54 common/built-in.o
                0x0000000000024034                xyzModem_stream_close
 .text.xyzModem_stream_terminate
                0x0000000000024088       0x94 common/built-in.o
                0x0000000000024088                xyzModem_stream_terminate
 .text.xyzModem_error
                0x000000000002411c       0x1c common/built-in.o
                0x000000000002411c                xyzModem_error
 .text.part_driver_lookup_type
                0x0000000000024138       0x88 disk/built-in.o
 .text.dev_print
                0x00000000000241c0      0x238 disk/built-in.o
                0x00000000000241c0                dev_print
 .text.part_init
                0x00000000000243f8       0x60 disk/built-in.o
                0x00000000000243f8                part_init
 .text.part_print
                0x0000000000024458      0x12c disk/built-in.o
                0x0000000000024458                part_print
 .text.part_get_info
                0x0000000000024584       0x60 disk/built-in.o
                0x0000000000024584                part_get_info
 .text.part_get_info_whole_disk
                0x00000000000245e4       0x50 disk/built-in.o
                0x00000000000245e4                part_get_info_whole_disk
 .text.blk_get_device_by_str
                0x0000000000024634      0x12c disk/built-in.o
                0x0000000000024634                blk_get_device_by_str
 .text.blk_get_device_part_str
                0x0000000000024760      0x3d0 disk/built-in.o
                0x0000000000024760                blk_get_device_part_str
 .text.part_get_info_by_name_type
                0x0000000000024b30       0x74 disk/built-in.o
                0x0000000000024b30                part_get_info_by_name_type
 .text.part_get_info_by_name
                0x0000000000024ba4        0x8 disk/built-in.o
                0x0000000000024ba4                part_get_info_by_name
 .text.part_set_generic_name
                0x0000000000024bac       0x4c disk/built-in.o
                0x0000000000024bac                part_set_generic_name
 .text.test_block_type
                0x0000000000024bf8       0x7c disk/built-in.o
 .text.print_partition_extended
                0x0000000000024c74      0x280 disk/built-in.o
 .text.part_print_dos
                0x0000000000024ef4       0x34 disk/built-in.o
                0x0000000000024ef4                part_print_dos
 .text.part_test_dos
                0x0000000000024f28       0x88 disk/built-in.o
 .text.part_get_info_extended
                0x0000000000024fb0      0x2cc disk/built-in.o
 .text.part_get_info_dos
                0x000000000002527c       0x28 disk/built-in.o
                0x000000000002527c                part_get_info_dos
 .text.iso_dread
                0x00000000000252a4       0x30 disk/built-in.o
                0x00000000000252a4                iso_dread
 .text.part_get_info_iso_verb
                0x00000000000252d4      0x384 disk/built-in.o
                0x00000000000252d4                part_get_info_iso_verb
 .text.part_test_iso
                0x0000000000025658       0x20 disk/built-in.o
 .text.part_print_iso
                0x0000000000025678       0x98 disk/built-in.o
 .text.part_get_info_iso
                0x0000000000025710        0x8 disk/built-in.o
 .text.print_efiname
                0x0000000000025718       0x58 disk/built-in.o
 .text.part_test_efi
                0x0000000000025770       0xd0 disk/built-in.o
 .text.validate_gpt_entries
                0x0000000000025840       0x98 disk/built-in.o
 .text.validate_gpt_header
                0x00000000000258d8      0x228 disk/built-in.o
 .text.is_gpt_valid
                0x0000000000025b00      0x2e0 disk/built-in.o
 .text.is_pte_valid
                0x0000000000025de0       0x58 disk/built-in.o
 .text.find_valid_gpt
                0x0000000000025e38       0xb0 disk/built-in.o
 .text.part_print_efi
                0x0000000000025ee8      0x21c disk/built-in.o
                0x0000000000025ee8                part_print_efi
 .text.part_get_info_efi
                0x0000000000026104      0x1a4 disk/built-in.o
                0x0000000000026104                part_get_info_efi
 .text.device_bind_common.isra.0
                0x00000000000262a8      0x350 drivers/built-in.o
 .text.alloc_priv
                0x00000000000265f8       0x54 drivers/built-in.o
 .text.device_bind_with_driver_data
                0x000000000002664c       0x24 drivers/built-in.o
                0x000000000002664c                device_bind_with_driver_data
 .text.device_bind
                0x0000000000026670       0x28 drivers/built-in.o
                0x0000000000026670                device_bind
 .text.device_bind_by_name
                0x0000000000026698       0x6c drivers/built-in.o
                0x0000000000026698                device_bind_by_name
 .text.device_probe
                0x0000000000026704      0x280 drivers/built-in.o
                0x0000000000026704                device_probe
 .text.dev_get_platdata
                0x0000000000026984       0x2c drivers/built-in.o
                0x0000000000026984                dev_get_platdata
 .text.dev_get_parent_platdata
                0x00000000000269b0       0x2c drivers/built-in.o
                0x00000000000269b0                dev_get_parent_platdata
 .text.dev_get_uclass_platdata
                0x00000000000269dc       0x2c drivers/built-in.o
                0x00000000000269dc                dev_get_uclass_platdata
 .text.dev_get_priv
                0x0000000000026a08       0x2c drivers/built-in.o
                0x0000000000026a08                dev_get_priv
 .text.dev_get_uclass_priv
                0x0000000000026a34       0x2c drivers/built-in.o
                0x0000000000026a34                dev_get_uclass_priv
 .text.dev_get_parent_priv
                0x0000000000026a60       0x2c drivers/built-in.o
                0x0000000000026a60                dev_get_parent_priv
 .text.device_find_first_child
                0x0000000000026a8c       0x1c drivers/built-in.o
                0x0000000000026a8c                device_find_first_child
 .text.device_find_next_child
                0x0000000000026aa8       0x28 drivers/built-in.o
                0x0000000000026aa8                device_find_next_child
 .text.dev_get_parent
                0x0000000000026ad0        0x8 drivers/built-in.o
                0x0000000000026ad0                dev_get_parent
 .text.dev_get_driver_data
                0x0000000000026ad8        0x8 drivers/built-in.o
                0x0000000000026ad8                dev_get_driver_data
 .text.device_get_uclass_id
                0x0000000000026ae0       0x10 drivers/built-in.o
                0x0000000000026ae0                device_get_uclass_id
 .text.device_has_active_children
                0x0000000000026af0       0x40 drivers/built-in.o
                0x0000000000026af0                device_has_active_children
 .text.device_is_last_sibling
                0x0000000000026b30       0x28 drivers/built-in.o
                0x0000000000026b30                device_is_last_sibling
 .text.device_set_name_alloced
                0x0000000000026b58       0x10 drivers/built-in.o
                0x0000000000026b58                device_set_name_alloced
 .text.devfdt_get_addr_index
                0x0000000000026b68       0xbc drivers/built-in.o
                0x0000000000026b68                devfdt_get_addr_index
 .text.devfdt_get_addr
                0x0000000000026c24        0x8 drivers/built-in.o
                0x0000000000026c24                devfdt_get_addr
 .text.devfdt_get_addr_ptr
                0x0000000000026c2c        0x8 drivers/built-in.o
                0x0000000000026c2c                devfdt_get_addr_ptr
 .text.lists_driver_lookup_name
                0x0000000000026c34       0x48 drivers/built-in.o
                0x0000000000026c34                lists_driver_lookup_name
 .text.lists_uclass_lookup
                0x0000000000026c7c       0x38 drivers/built-in.o
                0x0000000000026c7c                lists_uclass_lookup
 .text.lists_bind_drivers
                0x0000000000026cb4       0x8c drivers/built-in.o
                0x0000000000026cb4                lists_bind_drivers
 .text.device_bind_driver_to_node
                0x0000000000026d40       0x48 drivers/built-in.o
                0x0000000000026d40                device_bind_driver_to_node
 .text.device_bind_driver
                0x0000000000026d88       0x18 drivers/built-in.o
                0x0000000000026d88                device_bind_driver
 .text.lists_bind_fdt
                0x0000000000026da0      0x1a8 drivers/built-in.o
                0x0000000000026da0                lists_bind_fdt
 .text.dm_scan_fdt_node
                0x0000000000026f48      0x104 drivers/built-in.o
 .text.dm_scan_fdt_ofnode_path
                0x000000000002704c       0x34 drivers/built-in.o
 .text.dm_root  0x0000000000027080       0x2c drivers/built-in.o
                0x0000000000027080                dm_root
 .text.dm_init  0x00000000000270ac       0x60 drivers/built-in.o
                0x00000000000270ac                dm_init
 .text.dm_remove_devices_flags
                0x000000000002710c       0x1c drivers/built-in.o
                0x000000000002710c                dm_remove_devices_flags
 .text.dm_scan_platdata
                0x0000000000027128       0x2c drivers/built-in.o
                0x0000000000027128                dm_scan_platdata
 .text.dm_scan_fdt_dev
                0x0000000000027154       0x28 drivers/built-in.o
                0x0000000000027154                dm_scan_fdt_dev
 .text.dm_scan_fdt
                0x000000000002717c       0x18 drivers/built-in.o
                0x000000000002717c                dm_scan_fdt
 .text.dm_extended_scan_fdt
                0x0000000000027194       0x40 drivers/built-in.o
                0x0000000000027194                dm_extended_scan_fdt
 .text.dm_scan_other
                0x00000000000271d4        0x8 drivers/built-in.o
                0x00000000000271d4                dm_scan_other
 .text.dm_init_and_scan
                0x00000000000271dc       0x48 drivers/built-in.o
                0x00000000000271dc                dm_init_and_scan
 .text.uclass_find
                0x0000000000027224       0x4c drivers/built-in.o
                0x0000000000027224                uclass_find
 .text.uclass_get
                0x0000000000027270      0x11c drivers/built-in.o
                0x0000000000027270                uclass_get
 .text.dev_get_uclass_index
                0x000000000002738c       0x58 drivers/built-in.o
                0x000000000002738c                dev_get_uclass_index
 .text.uclass_find_device
                0x00000000000273e4       0x74 drivers/built-in.o
                0x00000000000273e4                uclass_find_device
 .text.uclass_find_first_device
                0x0000000000027458       0x40 drivers/built-in.o
                0x0000000000027458                uclass_find_first_device
 .text.uclass_find_next_device
                0x0000000000027498       0x2c drivers/built-in.o
                0x0000000000027498                uclass_find_next_device
 .text.uclass_find_device_by_name
                0x00000000000274c4       0x78 drivers/built-in.o
                0x00000000000274c4                uclass_find_device_by_name
 .text.uclass_find_device_by_seq
                0x000000000002753c       0x7c drivers/built-in.o
                0x000000000002753c                uclass_find_device_by_seq
 .text.uclass_find_device_by_of_offset
                0x00000000000275b8       0x68 drivers/built-in.o
                0x00000000000275b8                uclass_find_device_by_of_offset
 .text.uclass_find_device_by_ofnode
                0x0000000000027620       0x6c drivers/built-in.o
                0x0000000000027620                uclass_find_device_by_ofnode
 .text.uclass_find_device_by_phandle
                0x000000000002768c       0x98 drivers/built-in.o
                0x000000000002768c                uclass_find_device_by_phandle
 .text.uclass_get_device_tail
                0x0000000000027724       0x30 drivers/built-in.o
                0x0000000000027724                uclass_get_device_tail
 .text.uclass_get_device
                0x0000000000027754       0x30 drivers/built-in.o
                0x0000000000027754                uclass_get_device
 .text.uclass_get_device_by_name
                0x0000000000027784       0x30 drivers/built-in.o
                0x0000000000027784                uclass_get_device_by_name
 .text.uclass_get_device_by_seq
                0x00000000000277b4       0x54 drivers/built-in.o
                0x00000000000277b4                uclass_get_device_by_seq
 .text.uclass_get_device_by_of_offset
                0x0000000000027808       0x30 drivers/built-in.o
                0x0000000000027808                uclass_get_device_by_of_offset
 .text.uclass_get_device_by_ofnode
                0x0000000000027838       0x30 drivers/built-in.o
                0x0000000000027838                uclass_get_device_by_ofnode
 .text.uclass_get_device_by_phandle_id
                0x0000000000027868       0x84 drivers/built-in.o
                0x0000000000027868                uclass_get_device_by_phandle_id
 .text.uclass_get_device_by_phandle
                0x00000000000278ec       0x30 drivers/built-in.o
                0x00000000000278ec                uclass_get_device_by_phandle
 .text.uclass_first_device
                0x000000000002791c       0x38 drivers/built-in.o
                0x000000000002791c                uclass_first_device
 .text.uclass_first_device_err
                0x0000000000027954       0x24 drivers/built-in.o
                0x0000000000027954                uclass_first_device_err
 .text.uclass_next_device
                0x0000000000027978       0x40 drivers/built-in.o
                0x0000000000027978                uclass_next_device
 .text.uclass_next_device_err
                0x00000000000279b8       0x24 drivers/built-in.o
                0x00000000000279b8                uclass_next_device_err
 .text.uclass_first_device_check
                0x00000000000279dc       0x34 drivers/built-in.o
                0x00000000000279dc                uclass_first_device_check
 .text.uclass_next_device_check
                0x0000000000027a10       0x2c drivers/built-in.o
                0x0000000000027a10                uclass_next_device_check
 .text.uclass_bind_device
                0x0000000000027a3c       0x7c drivers/built-in.o
                0x0000000000027a3c                uclass_bind_device
 .text.uclass_unbind_device
                0x0000000000027ab8       0x4c drivers/built-in.o
                0x0000000000027ab8                uclass_unbind_device
 .text.uclass_resolve_seq
                0x0000000000027b04       0xb4 drivers/built-in.o
                0x0000000000027b04                uclass_resolve_seq
 .text.uclass_pre_probe_device
                0x0000000000027bb8       0x60 drivers/built-in.o
                0x0000000000027bb8                uclass_pre_probe_device
 .text.uclass_post_probe_device
                0x0000000000027c18       0x60 drivers/built-in.o
                0x0000000000027c18                uclass_post_probe_device
 .text.uclass_pre_remove_device
                0x0000000000027c78       0x20 drivers/built-in.o
                0x0000000000027c78                uclass_pre_remove_device
 .text.dm_warn  0x0000000000027c98       0x28 drivers/built-in.o
                0x0000000000027c98                dm_warn
 .text.dm_ofnode_pre_reloc
                0x0000000000027cc0       0x68 drivers/built-in.o
                0x0000000000027cc0                dm_ofnode_pre_reloc
 .text.device_unbind
                0x0000000000027d28      0x108 drivers/built-in.o
                0x0000000000027d28                device_unbind
 .text.device_chld_unbind
                0x0000000000027e30       0x70 drivers/built-in.o
                0x0000000000027e30                device_chld_unbind
 .text.device_free
                0x0000000000027ea0       0x90 drivers/built-in.o
                0x0000000000027ea0                device_free
 .text.device_remove
                0x0000000000027f30      0x134 drivers/built-in.o
                0x0000000000027f30                device_remove
 .text.device_chld_remove
                0x0000000000028064       0x68 drivers/built-in.o
                0x0000000000028064                device_chld_remove
 .text.simple_bus_post_bind
                0x00000000000280cc       0x58 drivers/built-in.o
 .text.show_devices
                0x0000000000028124      0x108 drivers/built-in.o
 .text.dm_dump_all
                0x000000000002822c       0x3c drivers/built-in.o
                0x000000000002822c                dm_dump_all
 .text.dm_dump_uclass
                0x0000000000028268       0xf8 drivers/built-in.o
                0x0000000000028268                dm_dump_uclass
 .text.ofnode_read_u32
                0x0000000000028360       0x54 drivers/built-in.o
                0x0000000000028360                ofnode_read_u32
 .text.ofnode_read_u32_default
                0x00000000000283b4       0x1c drivers/built-in.o
                0x00000000000283b4                ofnode_read_u32_default
 .text.ofnode_read_u64
                0x00000000000283d0       0x5c drivers/built-in.o
                0x00000000000283d0                ofnode_read_u64
 .text.ofnode_read_u64_default
                0x000000000002842c       0x1c drivers/built-in.o
                0x000000000002842c                ofnode_read_u64_default
 .text.ofnode_read_u32_array
                0x0000000000028448       0x28 drivers/built-in.o
                0x0000000000028448                ofnode_read_u32_array
 .text.ofnode_first_subnode
                0x0000000000028470       0x14 drivers/built-in.o
                0x0000000000028470                ofnode_first_subnode
 .text.ofnode_next_subnode
                0x0000000000028484       0x14 drivers/built-in.o
                0x0000000000028484                ofnode_next_subnode
 .text.ofnode_get_name
                0x0000000000028498       0x20 drivers/built-in.o
                0x0000000000028498                ofnode_get_name
 .text.ofnode_stringlist_search
                0x00000000000284b8       0x38 drivers/built-in.o
                0x00000000000284b8                ofnode_stringlist_search
 .text.ofnode_parse_phandle_with_args
                0x00000000000284f0       0x68 drivers/built-in.o
                0x00000000000284f0                ofnode_parse_phandle_with_args
 .text.ofnode_path
                0x0000000000028558       0x14 drivers/built-in.o
                0x0000000000028558                ofnode_path
 .text.ofnode_get_property
                0x000000000002856c       0x18 drivers/built-in.o
                0x000000000002856c                ofnode_get_property
 .text.ofnode_read_bool
                0x0000000000028584       0x18 drivers/built-in.o
                0x0000000000028584                ofnode_read_bool
 .text.ofnode_read_u8_array_ptr
                0x000000000002859c       0x18 drivers/built-in.o
                0x000000000002859c                ofnode_read_u8_array_ptr
 .text.ofnode_pre_reloc
                0x00000000000285b4       0x68 drivers/built-in.o
                0x00000000000285b4                ofnode_pre_reloc
 .text.input_tstc
                0x000000000002861c       0x48 drivers/built-in.o
                0x000000000002861c                input_tstc
 .text.input_getc
                0x0000000000028664       0x60 drivers/built-in.o
                0x0000000000028664                input_getc
 .text.input_init
                0x00000000000286c4       0x24 drivers/built-in.o
                0x00000000000286c4                input_init
 .text.keyboard_start
                0x00000000000286e8       0x24 drivers/built-in.o
 .text.keyboard_stop
                0x000000000002870c       0x24 drivers/built-in.o
 .text.keyboard_pre_probe
                0x0000000000028730       0x6c drivers/built-in.o
 .text.keyboard_tstc
                0x000000000002879c       0x50 drivers/built-in.o
 .text.keyboard_getc