fat.c:29:13:downcase	4	static
fat.c:460:13:mkcksum	0	static
fat.c:718:13:fat_itr_child	4	static
fat.c:44:12:disk_read	8	static
fat.c:247:1:get_cluster	40	dynamic
fat.c:478:1:read_bootsectandvi	24	static
fat.c:684:12:fat_itr_root	128	static
fat_write.c:996:12:split_filename	32	static
fat_write.c:30:12:disk_write	8	static
fat_write.c:105:12:flush_dirty_fat_buffer	24	static
fat.c:162:14:get_fatent	32	static
fat.c:809:19:next_dent	16	static
fat_write.c:264:12:set_fatent_value	32	static
fat_write.c:371:14:determine_fatent	16	static
fat_write.c:659:12:clear_fatent	24	static
fat_write.c:53:13:set_name	280	static
fat_write.c:402:1:set_sectors.isra.0	40	dynamic
fat_write.c:1052:12:normalize_longname	40	static
fat.c:885:12:fat_itr_next	56	static
fat.c:958:12:fat_itr_resolve	32	static
fat_write.c:472:1:flush_dir	12	static
fat_write.c:626:12:new_dir_table	24	static
fat_write.c:220:1:fill_dir_slot	672	static
fat_write.c:965:19:find_directory_entry	16	static
fat_write.c:723:1:set_contents	160	static
fat.c:59:5:fat_set_blk_dev	24	dynamic
fat.c:88:5:fat_register_device	136	static
fat.c:1035:5:file_fat_detectfs	120	static
fat.c:1097:5:fat_exists	64	static
fat.c:1117:5:fat_size	72	static
fat.c:1154:5:file_fat_read_at	120	static
fat.c:1186:5:file_fat_read	40	static
fat.c:1198:5:fat_read_file	48	static
fat.c:1217:5:fat_opendir	24	static
fat.c:1245:5:fat_readdir	16	static
fat.c:1268:6:fat_closedir	8	static
fat.c:1275:6:fat_close	0	static
fat_write.c:1072:5:file_fat_write_at	376	static
fat_write.c:1211:5:file_fat_write	40	static
fat_write.c:1283:5:fat_unlink	128	static
fat_write.c:1354:5:fat_mkdir	384	static
