efi_boottime.c:607:21:efi_is_event	0	static
efi_boottime.c:136:20:indent_string	16	static
efi_boottime.c:82:5:__efi_entry_check	0	static
efi_boottime.c:94:5:__efi_exit_check	0	static
efi_boottime.c:174:13:efi_process_event_queue	32	static
efi_boottime.c:206:13:efi_queue_event	8	static
efi_boottime.c:2666:20:efi_set_mem	16	static
efi_boottime.c:2647:20:efi_copy_mem	16	static
efi_boottime.c:2620:28:efi_calculate_crc32	16	static
efi_boottime.c:2082:28:efi_set_watchdog_timer	8	static
efi_boottime.c:2028:28:efi_get_next_monotonic_count	8	static
efi_boottime.c:1379:28:efi_register_protocol_notify	24	static
efi_boottime.c:955:28:efi_close_event	40	static
efi_boottime.c:458:28:efi_free_pool_ext	8	static
efi_boottime.c:436:28:efi_allocate_pool_ext	16	static
efi_boottime.c:407:28:efi_get_memory_map_ext	24	static
efi_boottime.c:381:28:efi_free_pages_ext	16	static
efi_boottime.c:358:28:efi_allocate_pages_ext	16	static
efi_boottime.c:301:29:efi_raise_tpl	16	static
efi_boottime.c:104:6:efi_save_gd	0	static
efi_boottime.c:116:6:efi_restore_gd	0	static
efi_boottime.c:145:13:__efi_nesting	0	static
efi_boottime.c:150:13:__efi_nesting_inc	0	static
efi_boottime.c:155:13:__efi_nesting_dec	0	static
efi_boottime.c:238:14:is_valid_tpl	0	static
efi_boottime.c:261:6:efi_signal_event	24	static
efi_boottime.c:1939:28:efi_exit_boot_services	16	static
efi_boottime.c:935:28:efi_signal_event_ext	16	static
efi_boottime.c:475:6:efi_add_handle	0	static
efi_boottime.c:489:14:efi_create_handle	8	static
efi_boottime.c:637:14:efi_create_event	40	static
efi_boottime.c:705:21:efi_create_event_ex	24	static
efi_boottime.c:750:28:efi_create_event_ext	24	static
efi_boottime.c:772:6:efi_timer_check	32	static
efi_boottime.c:2055:28:efi_stall	24	static
efi_boottime.c:1002:28:efi_check_event	16	static
efi_boottime.c:876:28:efi_wait_for_event	32	static
efi_boottime.c:326:20:efi_restore_tpl	8	static
efi_boottime.c:810:14:efi_set_timer	40	static
efi_boottime.c:855:28:efi_set_timer_ext	16	static
efi_boottime.c:1024:20:efi_search_obj	0	static
efi_boottime.c:511:14:efi_search_protocol	24	static
efi_boottime.c:544:14:efi_remove_protocol	24	static
efi_boottime.c:2328:28:efi_locate_protocol	32	static
efi_boottime.c:2155:28:efi_open_protocol_information	32	static
efi_boottime.c:1474:21:efi_locate_handle	32	static
efi_boottime.c:2282:28:efi_locate_handle_buffer	48	static
efi_boottime.c:2400:28:efi_locate_device_path	72	static
efi_boottime.c:1565:28:efi_locate_handle_ext	24	static
efi_boottime.c:567:14:efi_remove_all_protocols	16	static
efi_boottime.c:592:6:efi_delete_handle	8	static
efi_boottime.c:2106:28:efi_close_protocol	32	static
efi_boottime.c:2947:21:efi_delete_image	32	static
efi_boottime.c:3493:28:efi_disconnect_controller	56	static
efi_boottime.c:1254:21:efi_disconnect_all_drivers	32	static
efi_boottime.c:2801:28:efi_open_protocol	40	static
efi_boottime.c:2873:21:efi_start_image	40	static
efi_boottime.c:3182:28:efi_handle_protocol	16	static
efi_boottime.c:3094:28:efi_exit	40	static
efi_boottime.c:3198:21:efi_bind_controller	40	static
efi_boottime.c:1293:21:efi_uninstall_protocol	32	static
efi_boottime.c:1345:28:efi_uninstall_protocol_interface	16	static
efi_boottime.c:3000:21:efi_unload_image	32	static
efi_boottime.c:2218:28:efi_protocols_per_handle	24	static
efi_boottime.c:3316:28:efi_connect_controller	56	static
efi_boottime.c:1081:14:efi_add_protocol	32	static
efi_boottime.c:1142:28:efi_install_protocol_interface	24	static
efi_boottime.c:2482:21:efi_install_multiple_protocol_interfaces	48	static
efi_boottime.c:2556:28:efi_uninstall_multiple_protocol_interfaces	24	static
efi_boottime.c:3384:28:efi_reinstall_protocol_interface	24	static
efi_boottime.c:1604:14:efi_install_configuration_table	32	static
efi_boottime.c:1664:28:efi_install_configuration_table_ext	8	static
efi_boottime.c:1686:14:efi_setup_loaded_image	32	static
efi_boottime.c:1841:21:efi_load_image	48	static
efi_boottime.c:3650:14:efi_initialize_system_table	16	static
