efi_runtime.c:332:34:efi_reset_system	0	static
efi_runtime.c:365:42:efi_get_time	0	static
efi_runtime.c:385:42:efi_set_time	0	static
efi_runtime.c:812:42:efi_unimplemented	0	static
efi_runtime.c:434:42:efi_set_virtual_address_map_runtime	0	static
efi_runtime.c:456:42:efi_convert_pointer_runtime	0	static
efi_runtime.c:830:35:efi_update_capsule	0	static
efi_runtime.c:852:35:efi_query_capsule_caps	0	static
efi_runtime.c:475:42:efi_convert_pointer	40	static
efi_runtime.c:277:28:efi_set_time_boottime	8	static
efi_runtime.c:190:28:efi_get_time_boottime	8	static
efi_runtime.c:142:20:efi_reset_system_boottime	24	static
efi_runtime.c:121:20:efi_update_table_header_crc32	8	static
efi_runtime.c:94:14:efi_init_runtime_supported	24	static
efi_runtime.c:346:21:efi_reset_system_init	0	static
efi_runtime.c:408:6:efi_runtime_detach	0	static
efi_runtime.c:551:6:efi_runtime_relocate	56	static
efi_runtime.c:639:28:efi_set_virtual_address_map	48	static
efi_runtime.c:761:14:efi_add_runtime_mmio	32	static
