device.c:636:24:_device_find_global_by_ofnode	16	static
device.c:33:12:device_bind_common.isra.0	40	static
device.c:264:14:alloc_priv	16	static
device.c:219:5:device_bind_with_driver_data	24	static
device.c:228:5:device_bind	24	static
device.c:236:5:device_bind_ofnode	24	static
device.c:244:5:device_bind_by_name	40	static
device.c:308:5:device_probe	16	static
device.c:454:7:dev_get_platdata	8	static
device.c:464:7:dev_get_parent_platdata	8	static
device.c:474:7:dev_get_uclass_platdata	8	static
device.c:484:7:dev_get_priv	8	static
device.c:494:7:dev_get_uclass_priv	8	static
device.c:504:7:dev_get_parent_priv	8	static
device.c:558:5:device_get_child	16	static
device.c:570:5:device_find_child_by_seq	12	static
device.c:590:5:device_get_child_by_seq	24	static
device.c:608:5:device_find_child_by_of_offset	4	static
device.c:625:5:device_get_child_by_of_offset	24	static
device.c:653:5:device_find_global_by_ofnode	8	static
device.c:660:5:device_get_global_by_ofnode	16	static
device.c:668:5:device_find_first_child	0	static
device.c:680:5:device_find_next_child	0	static
device.c:695:5:device_find_first_inactive_child	8	static
device.c:713:5:device_find_first_child_by_uclass	4	static
device.c:730:5:device_find_child_by_name	24	static
device.c:747:17:dev_get_parent	0	static
device.c:752:7:dev_get_driver_data	0	static
device.c:757:13:dev_get_driver_ops	0	static
device.c:765:16:device_get_uclass_id	0	static
device.c:770:13:dev_get_uclass_name	0	static
device.c:778:6:device_has_children	0	static
device.c:783:6:device_has_active_children	16	static
device.c:797:6:device_is_last_sibling	0	static
device.c:806:6:device_set_name_alloced	0	static
device.c:811:5:device_set_name	8	static
device.c:823:6:device_is_compatible	8	static
device.c:828:6:of_machine_is_compatible	8	static
device.c:835:5:dev_disable_by_path	8	static
device.c:865:5:dev_enable_by_path	8	static
