ofnode.c:18:5:ofnode_read_u32	16	static
ofnode.c:42:5:ofnode_read_u32_default	16	static
ofnode.c:50:5:ofnode_read_s32_default	16	static
ofnode.c:58:5:ofnode_read_u64	16	static
ofnode.c:82:5:ofnode_read_u64_default	16	static
ofnode.c:104:13:ofnode_read_string	16	static
ofnode.c:137:8:ofnode_find_subnode	8	static
ofnode.c:163:5:ofnode_read_u32_array	16	static
ofnode.c:179:8:ofnode_first_subnode	8	static
ofnode.c:189:8:ofnode_next_subnode	8	static
ofnode.c:199:8:ofnode_get_parent	8	static
ofnode.c:213:13:ofnode_get_name	0	static
ofnode.c:226:8:ofnode_get_by_phandle	8	static
ofnode.c:239:5:ofnode_read_size	16	static
ofnode.c:439:12:decode_timing_property	32	static
ofnode.c:302:5:ofnode_stringlist_search	8	static
ofnode.c:323:5:ofnode_read_string_index	24	static
ofnode.c:340:5:ofnode_read_string_count	0	static
ofnode.c:368:5:ofnode_parse_phandle_with_args	104	static
ofnode.c:399:5:ofnode_count_phandle_with_args	24	static
ofnode.c:411:8:ofnode_path	8	static
ofnode.c:419:13:ofnode_get_chosen_prop	8	static
ofnode.c:428:8:ofnode_get_chosen_node	8	static
ofnode.c:527:13:ofnode_get_property	0	static
ofnode.c:90:6:ofnode_read_bool	8	static
ofnode.c:462:5:ofnode_decode_display_timing	32	static
ofnode.c:536:6:ofnode_is_available	8	static
ofnode.c:545:12:ofnode_get_addr_size	0	static
ofnode.c:571:16:ofnode_read_u8_array_ptr	0	static
ofnode.c:589:5:ofnode_read_pci_addr	32	static
ofnode.c:643:5:ofnode_read_pci_vendev	40	static
ofnode.c:679:5:ofnode_read_addr_cells	0	static
ofnode.c:687:5:ofnode_read_size_cells	0	static
ofnode.c:258:12:ofnode_get_addr_size_index	40	static
ofnode.c:290:12:ofnode_get_addr_index	16	static
ofnode.c:297:12:ofnode_get_addr	0	static
ofnode.c:695:5:ofnode_read_simple_addr_cells	0	static
ofnode.c:703:5:ofnode_read_simple_size_cells	0	static
ofnode.c:711:6:ofnode_pre_reloc	8	static
ofnode.c:737:5:ofnode_read_resource	24	static
ofnode.c:757:5:ofnode_read_resource_byname	16	static
ofnode.c:769:5:ofnode_translate_address	0	static
ofnode.c:777:5:ofnode_translate_dma_address	0	static
ofnode.c:785:5:ofnode_device_is_compatible	8	static
ofnode.c:796:8:ofnode_by_compatible	8	static
ofnode.c:808:8:ofnode_by_prop_value	16	static
ofnode.c:822:5:ofnode_write_prop	0	static
ofnode.c:869:5:ofnode_write_string	0	static
ofnode.c:881:5:ofnode_set_enabled	0	static
