nvedit.c:830:12:do_env_delete	24	static
nvedit.c:224:12:_do_env_set	72	static
nvedit.c:380:12:do_env_set	0	static
nvedit.c:748:12:do_env_save	8	static
nvedit.c:1331:12:do_env	24	static
nvedit.c:91:12:env_print	56	static
nvedit.c:122:12:do_env_print	24	static
nvedit.c:1044:12:do_env_import	72	static
nvedit.c:792:12:do_env_default	8	static
nvedit.c:1262:12:do_env_exists	48	static
nvedit.c:80:5:env_get_id	0	static
nvedit.c:302:5:env_set	24	static
nvedit.c:323:5:env_set_ulong	8	static
nvedit.c:338:5:env_set_hex	32	static
nvedit.c:911:12:do_env_export	96	static
nvedit.c:776:5:env_match	24	static
nvedit.c:686:5:env_get_f	32	static
nvedit.c:662:7:env_get	48	static
nvedit.c:346:7:env_get_hex	24	static
nvedit.c:361:5:eth_env_get_enetaddr	8	static
nvedit.c:367:5:eth_env_set_enetaddr	40	static
nvedit.c:735:7:env_get_ulong	16	static
nvedit.c:620:12:do_env_edit.part.0	1056	static
nvedit.c:620:12:do_env_edit	0	static
