pxe.c:1045:13:eol_or_eof	0	static
pxe.c:1687:12:do_pxe	24	static
pxe.c:574:13:label_print	0	static
pxe.c:134:12:do_get_tftp	24	static
pxe.c:45:14:from_env	16	static
pxe.c:931:14:get_string	32	static
pxe.c:542:13:label_destroy	8	static
pxe.c:1446:13:destroy_pxe_menu	16	static
pxe.c:1000:13:get_token	32	static
pxe.c:1062:12:parse_sliteral	24	static
pxe.c:1082:12:parse_integer	32	static
pxe.c:176:12:do_get_any	16	static
pxe.c:163:12:do_get_fat	8	static
pxe.c:150:12:do_get_ext2	8	static
pxe.c:197:12:get_relfile	176	static
pxe.c:237:12:get_pxe_file	16	static
pxe.c:1112:12:handle_include	48	static
pxe.c:1367:12:parse_pxefile_top	88	static
pxe.c:1475:25:parse_pxefile	24	static
pxe.c:280:12:get_pxelinux_path	152	static
pxe.c:429:12:get_relfile_envaddr	24	static
pxe.c:68:12:format_mac_pxe.constprop	32	static
pxe.c:374:1:do_pxe_get	64	static
pxe.c:627:12:label_boot	2272	static
pxe.c:1585:13:handle_pxe_menu	56	static
pxe.c:1642:1:do_pxe_boot	24	static
pxe.c:1721:12:do_sysboot	32	static
