fdt_ro.c:179:20:fdt_path_next_separator	16	static
fdt_ro.c:124:12:_nextprop	24	static
fdt_ro.c:37:13:fdt_string	0	static
fdt_ro.c:107:5:fdt_get_mem_rsv	24	static
fdt_ro.c:115:5:fdt_num_mem_rsv	12	static
fdt_ro.c:148:5:fdt_subnode_offset_namelen	40	static
fdt_ro.c:167:5:fdt_subnode_offset	16	static
fdt_ro.c:243:13:fdt_get_name	24	static
fdt_ro.c:263:5:fdt_first_property_offset	8	static
fdt_ro.c:273:5:fdt_next_property_offset	8	static
fdt_ro.c:281:28:fdt_get_property_by_offset	16	static
fdt_ro.c:302:28:fdt_get_property_namelen	40	static
fdt_ro.c:326:28:fdt_get_property	32	static
fdt_ro.c:334:13:fdt_getprop_namelen	16	static
fdt_ro.c:346:13:fdt_getprop_by_offset	16	static
fdt_ro.c:359:13:fdt_getprop	32	static
fdt_ro.c:365:10:fdt_get_phandle	24	static
fdt_ro.c:50:10:fdt_get_max_phandle	16	static
fdt_ro.c:76:5:fdt_generate_phandle	24	static
fdt_ro.c:382:13:fdt_get_alias_namelen	24	static
fdt_ro.c:192:5:fdt_path_offset_namelen	24	static
fdt_ro.c:238:5:fdt_path_offset	16	static
fdt_ro.c:394:13:fdt_get_alias	16	static
fdt_ro.c:399:5:fdt_get_path	48	static
fdt_ro.c:451:5:fdt_supernode_atdepth_offset	32	static
fdt_ro.c:487:5:fdt_node_depth	16	static
fdt_ro.c:498:5:fdt_parent_offset	16	static
fdt_ro.c:508:5:fdt_node_offset_by_prop_value	40	static
fdt_ro.c:535:5:fdt_node_offset_by_phandle	16	static
fdt_ro.c:560:5:fdt_stringlist_contains	24	static
fdt_ro.c:577:5:fdt_stringlist_count	24	static
fdt_ro.c:602:5:fdt_stringlist_search	32	static
fdt_ro.c:632:13:fdt_stringlist_get	32	static
fdt_ro.c:677:5:fdt_node_check_compatible	16	static
fdt_ro.c:690:5:fdt_node_offset_by_compatible	24	static
